Archive member included to satisfy reference by file (symbol)

C:/devkitPro/libctru/lib\libcitro2d.a(base.o)
                              main.o (C2D_Flush)
C:/devkitPro/libctru/lib\libcitro2d.a(render2d.shbin.o)
                              C:/devkitPro/libctru/lib\libcitro2d.a(base.o) (render2d_shbin)
C:/devkitPro/libctru/lib\libcitro3d.a(attribs.o)
                              C:/devkitPro/libctru/lib\libcitro2d.a(base.o) (AttrInfo_Init)
C:/devkitPro/libctru/lib\libcitro3d.a(base.o)
                              C:/devkitPro/libctru/lib\libcitro3d.a(attribs.o) (__C3D_Context)
C:/devkitPro/libctru/lib\libcitro3d.a(buffers.o)
                              C:/devkitPro/libctru/lib\libcitro2d.a(base.o) (BufInfo_Init)
C:/devkitPro/libctru/lib\libcitro3d.a(drawElements.o)
                              C:/devkitPro/libctru/lib\libcitro2d.a(base.o) (C3D_DrawElements)
C:/devkitPro/libctru/lib\libcitro3d.a(effect.o)
                              C:/devkitPro/libctru/lib\libcitro3d.a(base.o) (C3D_DepthMap)
C:/devkitPro/libctru/lib\libcitro3d.a(framebuffer.o)
                              C:/devkitPro/libctru/lib\libcitro3d.a(base.o) (C3Di_FrameBufBind)
C:/devkitPro/libctru/lib\libcitro3d.a(immediate.o)
                              C:/devkitPro/libctru/lib\libcitro3d.a(base.o) (C3D_ImmSendAttrib)
C:/devkitPro/libctru/lib\libcitro3d.a(proctex.o)
                              C:/devkitPro/libctru/lib\libcitro2d.a(base.o) (C3D_ProcTexInit)
C:/devkitPro/libctru/lib\libcitro3d.a(renderqueue.o)
                              C:/devkitPro/libctru/lib\libcitro3d.a(base.o) (C3Di_RenderQueueEnableVBlank)
C:/devkitPro/libctru/lib\libcitro3d.a(texenv.o)
                              C:/devkitPro/libctru/lib\libcitro2d.a(base.o) (C3D_GetTexEnv)
C:/devkitPro/libctru/lib\libcitro3d.a(texture.o)
                              C:/devkitPro/libctru/lib\libcitro2d.a(base.o) (C3D_TexBind)
C:/devkitPro/libctru/lib\libcitro3d.a(uniforms.o)
                              C:/devkitPro/libctru/lib\libcitro3d.a(base.o) (C3D_UpdateUniforms)
C:/devkitPro/libctru/lib\libcitro3d.a(mtx_multiply.o)
                              C:/devkitPro/libctru/lib\libcitro2d.a(base.o) (Mtx_Multiply)
C:/devkitPro/libctru/lib\libcitro3d.a(mtx_ortho.o)
                              C:/devkitPro/libctru/lib\libcitro2d.a(base.o) (Mtx_Ortho)
C:/devkitPro/libctru/lib\libcitro3d.a(mtx_orthotilt.o)
                              C:/devkitPro/libctru/lib\libcitro2d.a(base.o) (Mtx_OrthoTilt)
C:/devkitPro/libctru/lib\libcitro3d.a(mtx_rotatez.o)
                              C:/devkitPro/libctru/lib\libcitro2d.a(base.o) (Mtx_RotateZ)
C:/devkitPro/libctru/lib\libcitro3d.a(mtx_scale.o)
                              C:/devkitPro/libctru/lib\libcitro2d.a(base.o) (Mtx_Scale)
C:/devkitPro/libctru/lib\libcitro3d.a(mtx_translate.o)
                              C:/devkitPro/libctru/lib\libcitro2d.a(base.o) (Mtx_Translate)
C:/devkitPro/libctru/lib\libctru.a(linear.o)
                              C:/devkitPro/libctru/lib\libcitro2d.a(base.o) (linearAlloc)
C:/devkitPro/libctru/lib\libctru.a(mem_pool.o)
                              C:/devkitPro/libctru/lib\libctru.a(linear.o) (MemPool::Allocate(MemChunk&, unsigned long, int))
C:/devkitPro/libctru/lib\libctru.a(vram.o)
                              C:/devkitPro/libctru/lib\libcitro3d.a(renderqueue.o) (vramAlloc)
C:/devkitPro/libctru/lib\libctru.a(console.o)
                              GameManager.o (consoleInit)
C:/devkitPro/libctru/lib\libctru.a(gfx.o)
                              C:/devkitPro/libctru/lib\libcitro2d.a(base.o) (gfxIsWide)
C:/devkitPro/libctru/lib\libctru.a(os.o)
                              C:/devkitPro/libctru/lib\libcitro3d.a(buffers.o) (osConvertVirtToPhys)
C:/devkitPro/libctru/lib\libctru.a(romfs_dev.o)
                              GameManager.o (romfsMountSelf)
C:/devkitPro/libctru/lib\libctru.a(gpu.o)
                              C:/devkitPro/libctru/lib\libcitro3d.a(renderqueue.o) (gpuCmdBuf)
C:/devkitPro/libctru/lib\libctru.a(gx.o)
                              C:/devkitPro/libctru/lib\libcitro3d.a(renderqueue.o) (GX_BindQueue)
C:/devkitPro/libctru/lib\libctru.a(gxqueue.o)
                              C:/devkitPro/libctru/lib\libcitro3d.a(renderqueue.o) (gxCmdQueueClear)
C:/devkitPro/libctru/lib\libctru.a(shaderProgram.o)
                              C:/devkitPro/libctru/lib\libcitro2d.a(base.o) (shaderInstanceGetUniformLocation)
C:/devkitPro/libctru/lib\libctru.a(shbin.o)
                              C:/devkitPro/libctru/lib\libcitro2d.a(base.o) (DVLB_ParseFile)
C:/devkitPro/libctru/lib\libctru.a(apt.o)
                              C:/devkitPro/libctru/lib\libcitro3d.a(base.o) (aptHook)
C:/devkitPro/libctru/lib\libctru.a(fs.o)
                              C:/devkitPro/libctru/lib\libctru.a(romfs_dev.o) (FSUSER_OpenFileDirectly)
C:/devkitPro/libctru/lib\libctru.a(gspgpu.o)
[...]
Memory Configuration

Name             Origin             Length             Attributes
*default*        0x00000000         0xffffffff

Linker script and memory map

                0x00000000                        __sync_synchronize = __sync_synchronize_dmb
                0x00100000                        PROVIDE (__start__ = 0x100000)
                0x00100000                        . = __start__

.text           0x00100000    0x15270
 *(.crt0)
 .crt0          0x00100000       0x94 C:/devkitPro/devkitARM/bin/../lib/gcc/arm-none-eabi/15.1.0/../../../../arm-none-eabi/lib/armv6k/fpu/3dsx_crt0.o
                0x00100000                _start
                0x00100008                __service_ptr
                0x0010000c                __apt_appid
                0x00100010                __heap_size
                0x00100014                __linear_heap_size
                0x00100018                __system_arglist
                0x0010001c                __system_runflags
 *(.init)
 .init          0x00100094        0xc C:/devkitPro/devkitARM/bin/../lib/gcc/arm-none-eabi/15.1.0/armv6k/fpu/crti.o
                0x00100094                _init
 .init          0x001000a0        0xc C:/devkitPro/devkitARM/bin/../lib/gcc/arm-none-eabi/15.1.0/armv6k/fpu/crtn.o
                0x001000ac                        . = ALIGN (0x4)
 *(.text)
 .text          0x001000ac      0x20c C:/devkitPro/devkitARM/bin/../lib/gcc/arm-none-eabi/15.1.0/armv6k/fpu\libgcc.a(_udivsi3.o)
                0x001000ac                __aeabi_uidiv
                0x001000ac                __udivsi3
                0x00100298                __aeabi_uidivmod
 .text          0x001002b8      0x240 C:/devkitPro/devkitARM/bin/../lib/gcc/arm-none-eabi/15.1.0/armv6k/fpu\libgcc.a(_divsi3.o)
                0x001002b8                __divsi3
                0x001002b8                __aeabi_idiv
                0x001004d8                __aeabi_idivmod
 .text          0x001004f8        0x4 C:/devkitPro/devkitARM/bin/../lib/gcc/arm-none-eabi/15.1.0/armv6k/fpu\libgcc.a(_dvmd_tls.o)
                0x001004f8                __aeabi_idiv0
                0x001004f8                __aeabi_ldiv0
 .text          0x001004fc       0xd4 C:/devkitPro/devkitARM/bin/../lib/gcc/arm-none-eabi/15.1.0/armv6k/fpu\libgcc.a(_aeabi_ldivmod.o)
                0x001004fc                __aeabi_ldivmod
 .text          0x001005d0      0x1a8 C:/devkitPro/devkitARM/bin/../lib/gcc/arm-none-eabi/15.1.0/armv6k/fpu\libgcc.a(libunwind.o)
                0x001005d0                __restore_core_regs
                0x001005d0                restore_core_regs
                0x001005e4                __gnu_Unwind_Restore_VFP
                0x001005ec                __gnu_Unwind_Save_VFP
                0x001005f4                __gnu_Unwind_Restore_VFP_D
                0x001005fc                __gnu_Unwind_Save_VFP_D
                0x00100604                __gnu_Unwind_Restore_VFP_D_16_to_31
                0x0010060c                __gnu_Unwind_Save_VFP_D_16_to_31
                0x00100614                __gnu_Unwind_Restore_WMMXD
                0x00100658                __gnu_Unwind_Save_WMMXD
                0x0010069c                __gnu_Unwind_Restore_WMMXC
                0x001006b0                __gnu_Unwind_Save_WMMXC
                0x001006c4                ___Unwind_RaiseException
                0x001006c4                _Unwind_RaiseException
                0x001006e8                _Unwind_Resume
                0x001006e8                ___Unwind_Resume
                0x0010070c                _Unwind_Resume_or_Rethrow
                0x0010070c                ___Unwind_Resume_or_Rethrow
                0x00100730                _Unwind_ForcedUnwind
                0x00100730                ___Unwind_ForcedUnwind
                0x00100754                ___Unwind_Backtrace
                0x00100754                _Unwind_Backtrace
 *fill*         0x00100778        0x8 
 .text          0x00100780      0x390 C:/devkitPro/devkitARM/bin/../lib/gcc/arm-none-eabi/15.1.0/../../../../arm-none-eabi/lib/armv6k/fpu\libg.a(libc_a-strcmp.o)
                0x00100788                strcmp
 *(.text.*)
 .text.__do_global_dtors_aux
                0x00100b10       0x50 C:/devkitPro/devkitARM/bin/../lib/gcc/arm-none-eabi/15.1.0/armv6k/fpu/crtbegin.o
 .text.frame_dummy
                0x00100b60       0x2c C:/devkitPro/devkitARM/bin/../lib/gcc/arm-none-eabi/15.1.0/armv6k/fpu/crtbegin.o
 .text._ZN6GroundD2Ev
                0x00100b8c        0x4 GameManager.o
                0x00100b8c                Ground::~Ground()
                0x00100b8c                Ground::~Ground()
 .text._ZN6GroundD0Ev
                0x00100b90       0x20 GameManager.o
                0x00100b90                Ground::~Ground()
 .text._ZN6Ground4drawEP20C3D_RenderTarget_tag
                0x00100bb0       0x34 GameManager.o
                0x00100bb0                Ground::draw(C3D_RenderTarget_tag*)
 .text._ZN11GameManagerC2Ei
                0x00100be4       0x14 GameManager.o
                0x00100be4                GameManager::GameManager(int)
                0x00100be4                GameManager::GameManager(int)
 .text._ZN11GameManager4initEv
                0x00100bf8      0x16c GameManager.o
                0x00100bf8                GameManager::init()
 .text._ZN11GameManager4exitEv
                0x00100d64       0x18 GameManager.o
                0x00100d64                GameManager::exit()
 .text._ZN11GameManager4drawEP20C3D_RenderTarget_tag
                0x00100d7c       0x90 GameManager.o
                0x00100d7c                GameManager::draw(C3D_RenderTarget_tag*)
 .text._ZN11GameManager6updateERi
                0x00100e0c       0x30 GameManager.o
                0x00100e0c                GameManager::update(int&)
 .text.startup.main
                0x00100e3c       0xf8 main.o
                0x00100e3c                main
 .text.C2D_Flush
                0x00100f34       0x48 C:/devkitPro/libctru/lib\libcitro2d.a(base.o)
                0x00100f34                C2D_Flush
 .text.C2D_SceneSize
                0x00100f7c      0x104 C:/devkitPro/libctru/lib\libcitro2d.a(base.o)
                0x00100f7c                C2D_SceneSize
 .text.C2D_CreateScreenTarget
                0x00101080       0x58 C:/devkitPro/libctru/lib\libcitro2d.a(base.o)
                0x00101080                C2D_CreateScreenTarget
 .text.C2D_TargetClear
                0x001010d8       0x64 C:/devkitPro/libctru/lib\libcitro2d.a(base.o)
                0x001010d8                C2D_TargetClear
 .text.C2Di_AppendQuad
                0x0010113c       0x58 C:/devkitPro/libctru/lib\libcitro2d.a(base.o)
                0x0010113c                C2Di_AppendQuad
 .text.C2Di_Update
                0x00101194      0x550 C:/devkitPro/libctru/lib\libcitro2d.a(base.o)
                0x00101194                C2Di_Update
 .text.C2D_DrawRectangle
                0x001016e4      0x158 C:/devkitPro/libctru/lib\libcitro2d.a(base.o)
                0x001016e4                C2D_DrawRectangle
 .text.C3Di_AttrInfoBind
                0x0010183c       0x80 C:/devkitPro/libctru/lib\libcitro3d.a(attribs.o)
                0x0010183c                C3Di_AttrInfoBind
 .text.C3Di_LightEnvUpdate
                0x001018bc        0x4 C:/devkitPro/libctru/lib\libcitro3d.a(base.o)
                0x001018bc                C3Di_LightEnvUpdate
 .text.C3Di_GasUpdate
                0x001018c0        0x4 C:/devkitPro/libctru/lib\libcitro3d.a(base.o)
                0x001018c0                C3Di_GasUpdate
 .text.C3D_SetViewport
                0x001018c4       0x98 C:/devkitPro/libctru/lib\libcitro3d.a(base.o)
                0x001018c4                C3D_SetViewport
 .text.C3Di_UpdateContext
                0x0010195c      0x4e8 C:/devkitPro/libctru/lib\libcitro3d.a(base.o)
                0x0010195c                C3Di_UpdateContext
 .text.C3Di_SplitFrame
                0x00101e44       0xe0 C:/devkitPro/libctru/lib\libcitro3d.a(base.o)
                0x00101e44                C3Di_SplitFrame
 .text.C3Di_BufInfoBind
                0x00101f24       0x48 C:/devkitPro/libctru/lib\libcitro3d.a(buffers.o)
                0x00101f24                C3Di_BufInfoBind
 .text.C3D_DrawElements
                0x00101f6c      0x21c C:/devkitPro/libctru/lib\libcitro3d.a(drawElements.o)
                0x00101f6c                C3D_DrawElements
 .text.C3Di_EffectBind
                0x00102188      0x1ac C:/devkitPro/libctru/lib\libcitro3d.a(effect.o)
                0x00102188                C3Di_EffectBind
 .text.C3D_CalcColorBufSize
                0x00102334       0x1c C:/devkitPro/libctru/lib\libcitro3d.a(framebuffer.o)
                0x00102334                C3D_CalcColorBufSize
 .text.C3D_CalcDepthBufSize
                0x00102350       0x1c C:/devkitPro/libctru/lib\libcitro3d.a(framebuffer.o)
                0x00102350                C3D_CalcDepthBufSize
 .text.C3D_SetFrameBuf
                0x0010236c       0x44 C:/devkitPro/libctru/lib\libcitro3d.a(framebuffer.o)
                0x0010236c                C3D_SetFrameBuf
 .text.C3Di_FrameBufBind
                0x001023b0      0x16c C:/devkitPro/libctru/lib\libcitro3d.a(framebuffer.o)
                0x001023b0                C3Di_FrameBufBind
 .text.C3D_FrameBufClear
                0x0010251c       0xc8 C:/devkitPro/libctru/lib\libcitro3d.a(framebuffer.o)
                0x0010251c                C3D_FrameBufClear
 .text.C3D_FrameBufTransfer
                0x001025e4       0x44 C:/devkitPro/libctru/lib\libcitro3d.a(framebuffer.o)
                0x001025e4                C3D_FrameBufTransfer
 .text.C3D_ImmSendAttrib
                0x00102628       0xa8 C:/devkitPro/libctru/lib\libcitro3d.a(immediate.o)
                0x00102628                C3D_ImmSendAttrib
 .text.C3D_ProcTexBind
                0x001026d0       0x54 C:/devkitPro/libctru/lib\libcitro3d.a(proctex.o)
                0x001026d0                C3D_ProcTexBind
 .text.C3D_ProcTexLutBind
                0x00102724       0x5c C:/devkitPro/libctru/lib\libcitro3d.a(proctex.o)
                0x00102724                C3D_ProcTexLutBind
 .text.C3Di_ProcTexUpdate
                0x00102780      0x178 C:/devkitPro/libctru/lib\libcitro3d.a(proctex.o)
                0x00102780                C3Di_ProcTexUpdate
 .text.C3D_FrameBegin
                0x001028f8       0xe8 C:/devkitPro/libctru/lib\libcitro3d.a(renderqueue.o)
                0x001028f8                C3D_FrameBegin
 .text.C3D_FrameDrawOn
                0x001029e0       0x48 C:/devkitPro/libctru/lib\libcitro3d.a(renderqueue.o)
                0x001029e0                C3D_FrameDrawOn
 .text.C3D_FrameSplit
                0x00102a28       0x58 C:/devkitPro/libctru/lib\libcitro3d.a(renderqueue.o)
                0x00102a28                C3D_FrameSplit
 .text.C3D_FrameEnd
                0x00102a80      0x1d0 C:/devkitPro/libctru/lib\libcitro3d.a(renderqueue.o)
                0x00102a80                C3D_FrameEnd
 .text.C3D_RenderTargetCreate
                0x00102c50      0x170 C:/devkitPro/libctru/lib\libcitro3d.a(renderqueue.o)
                0x00102c50                C3D_RenderTargetCreate
 .text.C3D_RenderTargetSetOutput
                0x00102dc0       0xa8 C:/devkitPro/libctru/lib\libcitro3d.a(renderqueue.o)
                0x00102dc0                C3D_RenderTargetSetOutput
 .text.C3D_GetTexEnv
                0x00102e68       0x34 C:/devkitPro/libctru/lib\libcitro3d.a(texenv.o)
                0x00102e68                C3D_GetTexEnv
 .text.C3Di_TexEnvBind
                0x00102e9c       0x24 C:/devkitPro/libctru/lib\libcitro3d.a(texenv.o)
                0x00102e9c                C3Di_TexEnvBind
 .text.C3D_TexBind
                0x00102ec0       0x44 C:/devkitPro/libctru/lib\libcitro3d.a(texture.o)
                0x00102ec0                C3D_TexBind
 .text.C3Di_SetTex
                0x00102f04      0x14c C:/devkitPro/libctru/lib\libcitro3d.a(texture.o)
                0x00102f04                C3Di_SetTex
 .text.C3D_UpdateUniforms
                0x00103050      0x290 C:/devkitPro/libctru/lib\libcitro3d.a(uniforms.o)
                0x00103050                C3D_UpdateUniforms
 .text.Mtx_Ortho
                0x001032e0       0xcc C:/devkitPro/libctru/lib\libcitro3d.a(mtx_ortho.o)
                0x001032e0                Mtx_Ortho
 .text.Mtx_OrthoTilt
                0x001033ac       0xcc C:/devkitPro/libctru/lib\libcitro3d.a(mtx_orthotilt.o)
                0x001033ac                Mtx_OrthoTilt
 .text._ZN7MemPool13CoalesceRightEP8MemBlock
                0x00103478       0x88 C:/devkitPro/libctru/lib\libctru.a(mem_pool.o)
                0x00103478                MemPool::CoalesceRight(MemBlock*)
 .text._ZN7MemPool8AllocateER8MemChunkmi
                0x00103500      0x178 C:/devkitPro/libctru/lib\libctru.a(mem_pool.o)
                0x00103500                MemPool::Allocate(MemChunk&, unsigned long, int)
 .text._ZN7MemPool10DeallocateERK8MemChunk
                0x00103678      0x118 C:/devkitPro/libctru/lib\libctru.a(mem_pool.o)
                0x00103678                MemPool::Deallocate(MemChunk const&)
 .text._ZN7MemPool12GetFreeSpaceEv
                0x00103790       0x30 C:/devkitPro/libctru/lib\libctru.a(mem_pool.o)
                0x00103790                MemPool::GetFreeSpace()
 .text._ZL21addrMapNodeComparatorPK11rbtree_nodeS1_
                0x001037c0       0x24 C:/devkitPro/libctru/lib\libctru.a(vram.o)
 .text._ZL21addrMapNodeDestructorP11rbtree_node
                0x001037e4        0x4 C:/devkitPro/libctru/lib\libctru.a(vram.o)
 .text.vramMemAlignAt
                0x001037e8      0x248 C:/devkitPro/libctru/lib\libctru.a(vram.o)
                0x001037e8                vramMemAlignAt
 .text.vramAlloc
                0x00103a30        0xc C:/devkitPro/libctru/lib\libctru.a(vram.o)
                0x00103a30                vramAlloc
 .text.vramAllocAt
                0x00103a3c        0xc C:/devkitPro/libctru/lib\libctru.a(vram.o)
                0x00103a3c                vramAllocAt
 .text.vramFree
                0x00103a48       0x94 C:/devkitPro/libctru/lib\libctru.a(vram.o)
                0x00103a48                vramFree
 .text.consoleDrawChar
                0x00103adc      0x1c8 C:/devkitPro/libctru/lib\libctru.a(console.o)
                0x00103adc                consoleDrawChar
 .text.consolePrintChar
                0x00103ca4      0x170 C:/devkitPro/libctru/lib\libctru.a(console.o)
                0x00103ca4                consolePrintChar
 .text.con_write
                0x00103e14      0xc40 C:/devkitPro/libctru/lib\libctru.a(console.o)
                0x00103e14                con_write
 .text.newRow   0x00104a54      0x110 C:/devkitPro/libctru/lib\libctru.a(console.o)
 .text.consoleInit
                0x00104b64      0x180 C:/devkitPro/libctru/lib\libctru.a(console.o)
                0x00104b64                consoleInit
 .text.gfxPresentFramebuffer
                0x00104ce4       0xcc C:/devkitPro/libctru/lib\libctru.a(gfx.o)
 .text.gfxIsWide
                0x00104db0       0x1c C:/devkitPro/libctru/lib\libctru.a(gfx.o)
                0x00104db0                gfxIsWide
 .text.gfxSetScreenFormat
                0x00104dcc       0xf8 C:/devkitPro/libctru/lib\libctru.a(gfx.o)
                0x00104dcc                gfxSetScreenFormat
 .text.gfxSetDoubleBuffering
                0x00104ec4       0x10 C:/devkitPro/libctru/lib\libctru.a(gfx.o)
                0x00104ec4                gfxSetDoubleBuffering
 .text.gfxExit  0x00104ed4       0xb8 C:/devkitPro/libctru/lib\libctru.a(gfx.o)
                0x00104ed4                gfxExit
 .text.gfxGetFramebuffer
                0x00104f8c       0xa0 C:/devkitPro/libctru/lib\libctru.a(gfx.o)
                0x00104f8c                gfxGetFramebuffer
 .text.gfxFlushBuffers
                0x0010502c      0x100 C:/devkitPro/libctru/lib\libctru.a(gfx.o)
                0x0010502c                gfxFlushBuffers
 .text.gfxSwapBuffers
                0x0010512c       0x50 C:/devkitPro/libctru/lib\libctru.a(gfx.o)
                0x0010512c                gfxSwapBuffers
 .text.gfxSwapBuffersGpu
                0x0010517c       0x50 C:/devkitPro/libctru/lib\libctru.a(gfx.o)
                0x0010517c                gfxSwapBuffersGpu
 .text.osConvertVirtToPhys
                0x001051cc       0x74 C:/devkitPro/libctru/lib\libctru.a(os.o)
                0x001051cc                osConvertVirtToPhys
 .text.osGetTimeRef
                0x00105240       0x54 C:/devkitPro/libctru/lib\libctru.a(os.o)
                0x00105240                osGetTimeRef
 .text.osGetTime
                0x00105294       0xec C:/devkitPro/libctru/lib\libctru.a(os.o)
                0x00105294                osGetTime
 .text.__ctru_speedup_config
                0x00105380       0x34 C:/devkitPro/libctru/lib\libctru.a(os.o)
                0x00105380                __ctru_speedup_config
 .text.romfs_close
                0x001053b4        0x8 C:/devkitPro/libctru/lib\libctru.a(romfs_dev.o)
 .text.romfs_seek
                0x001053bc       0xac C:/devkitPro/libctru/lib\libctru.a(romfs_dev.o)
 .text.romfs_dirreset
                0x00105468       0x24 C:/devkitPro/libctru/lib\libctru.a(romfs_dev.o)
 .text.fill_dir
                0x0010548c       0xc0 C:/devkitPro/libctru/lib\libctru.a(romfs_dev.o)
 .text.romfs_dirnext
                0x0010554c      0x2ac C:/devkitPro/libctru/lib\libctru.a(romfs_dev.o)
 .text.romfs_free
                0x001057f8       0x74 C:/devkitPro/libctru/lib\libctru.a(romfs_dev.o)
 .text.searchForFile.constprop.0
                0x0010586c       0xd0 C:/devkitPro/libctru/lib\libctru.a(romfs_dev.o)
 .text.searchForDir.constprop.0
                0x0010593c       0xd4 C:/devkitPro/libctru/lib\libctru.a(romfs_dev.o)
 .text.navigateToDir.constprop.0
                0x00105a10      0x1c0 C:/devkitPro/libctru/lib\libctru.a(romfs_dev.o)
 .text.romfs_open
                0x00105bd0      0x114 C:/devkitPro/libctru/lib\libctru.a(romfs_dev.o)
 .text.romfs_chdir
                0x00105ce4       0x4c C:/devkitPro/libctru/lib\libctru.a(romfs_dev.o)
 .text.romfs_diropen
                0x00105d30       0x68 C:/devkitPro/libctru/lib\libctru.a(romfs_dev.o)
 .text.romfs_stat
                0x00105d98      0x178 C:/devkitPro/libctru/lib\libctru.a(romfs_dev.o)
 .text.romfs_dirclose
                0x00105f10        0x8 C:/devkitPro/libctru/lib\libctru.a(romfs_dev.o)
 .text.romfs_fstat
                0x00105f18       0x7c C:/devkitPro/libctru/lib\libctru.a(romfs_dev.o)
 .text.romfs_read
                0x00105f94       0xd0 C:/devkitPro/libctru/lib\libctru.a(romfs_dev.o)
 .text.romfsMountFromFile
                0x00106064      0x28c C:/devkitPro/libctru/lib\libctru.a(romfs_dev.o)
                0x00106064                romfsMountFromFile
 .text.romfsMountFromCurrentProcess
                0x001062f0       0x98 C:/devkitPro/libctru/lib\libctru.a(romfs_dev.o)
                0x001062f0                romfsMountFromCurrentProcess
 .text.romfsMountSelf
                0x00106388      0x258 C:/devkitPro/libctru/lib\libctru.a(romfs_dev.o)
                0x00106388                romfsMountSelf
 .text.romfsUnmount
                0x001065e0       0xa0 C:/devkitPro/libctru/lib\libctru.a(romfs_dev.o)
                0x001065e0                romfsUnmount
 .text.GPUCMD_Add
                0x00106680      0x13c C:/devkitPro/libctru/lib\libctru.a(gpu.o)
                0x00106680                GPUCMD_Add
 .text.GPUCMD_Split
                0x001067bc       0xb0 C:/devkitPro/libctru/lib\libctru.a(gpu.o)
                0x001067bc                GPUCMD_Split
 .text.f32tof24
                0x0010686c       0x34 C:/devkitPro/libctru/lib\libctru.a(gpu.o)
                0x0010686c                f32tof24
 .text.f32tof31
                0x001068a0       0x38 C:/devkitPro/libctru/lib\libctru.a(gpu.o)
                0x001068a0                f32tof31
 .text.GX_ProcessCommandList
                0x001068d8       0x7c C:/devkitPro/libctru/lib\libctru.a(gx.o)
                0x001068d8                GX_ProcessCommandList
 .text.GX_MemoryFill
                0x00106954       0x74 C:/devkitPro/libctru/lib\libctru.a(gx.o)
                0x00106954                GX_MemoryFill
 .text.GX_DisplayTransfer
                0x001069c8       0x74 C:/devkitPro/libctru/lib\libctru.a(gx.o)
                0x001069c8                GX_DisplayTransfer
 .text.gxCmdQueueDoCommands.part.0
                0x00106a3c       0x64 C:/devkitPro/libctru/lib\libctru.a(gxqueue.o)
 .text.gxCmdQueueClear
                0x00106aa0       0x68 C:/devkitPro/libctru/lib\libctru.a(gxqueue.o)
                0x00106aa0                gxCmdQueueClear
 .text.gxCmdQueueAdd
                0x00106b08      0x108 C:/devkitPro/libctru/lib\libctru.a(gxqueue.o)
                0x00106b08                gxCmdQueueAdd
 .text.gxCmdQueueRun
                0x00106c10       0x80 C:/devkitPro/libctru/lib\libctru.a(gxqueue.o)
                0x00106c10                gxCmdQueueRun
 .text.gxCmdQueueStop
                0x00106c90       0x64 C:/devkitPro/libctru/lib\libctru.a(gxqueue.o)
                0x00106c90                gxCmdQueueStop
 .text.gxCmdQueueWait
                0x00106cf4       0x8c C:/devkitPro/libctru/lib\libctru.a(gxqueue.o)
                0x00106cf4                gxCmdQueueWait
 .text.shaderProgramConfigure
                0x00106d80      0x8d0 C:/devkitPro/libctru/lib\libctru.a(shaderProgram.o)
                0x00106d80                shaderProgramConfigure
 .text.aptConvertScreenForCapture
                0x00107650      0x180 C:/devkitPro/libctru/lib\libctru.a(apt.o)
 .text.aptDspSleep
                0x001077d0        0x8 C:/devkitPro/libctru/lib\libctru.a(apt.o)
                0x001077d0                aptDspSleep
 .text.aptDspWakeup
                0x001077d8        0x4 C:/devkitPro/libctru/lib\libctru.a(apt.o)
                0x001077d8                aptDspWakeup
 .text.aptDspCancel
                0x001077dc        0x4 C:/devkitPro/libctru/lib\libctru.a(apt.o)
                0x001077dc                aptDspCancel
 .text.aptSendCommand
                0x001077e0      0x138 C:/devkitPro/libctru/lib\libctru.a(apt.o)
                0x001077e0                aptSendCommand
 .text.aptExitProcess
                0x00107918       0x44 C:/devkitPro/libctru/lib\libctru.a(apt.o)
 .text.aptExit  0x0010795c      0x394 C:/devkitPro/libctru/lib\libctru.a(apt.o)
                0x0010795c                aptExit
 .text.aptHandleSleep
                0x00107cf0       0xd8 C:/devkitPro/libctru/lib\libctru.a(apt.o)
                0x00107cf0                aptHandleSleep
 .text.APT_SleepIfShellClosed
                0x00107dc8       0x84 C:/devkitPro/libctru/lib\libctru.a(apt.o)
                0x00107dc8                APT_SleepIfShellClosed
 .text.aptSetSleepAllowed
                0x00107e4c       0x78 C:/devkitPro/libctru/lib\libctru.a(apt.o)
                0x00107e4c                aptSetSleepAllowed
 .text.APT_UnlockTransition
                0x00107ec4       0x84 C:/devkitPro/libctru/lib\libctru.a(apt.o)
                0x00107ec4                APT_UnlockTransition
 .text.aptEventHandler
                0x00107f48      0x470 C:/devkitPro/libctru/lib\libctru.a(apt.o)
 .text.APT_ReceiveParameter
                0x001083b8       0xbc C:/devkitPro/libctru/lib\libctru.a(apt.o)
                0x001083b8                APT_ReceiveParameter
 .text.aptReceiveParameter.constprop.0
                0x00108474       0xb0 C:/devkitPro/libctru/lib\libctru.a(apt.o)
 *fill*         0x00108524        0x4 
 .text.aptScreenTransfer
                0x00108528      0x294 C:/devkitPro/libctru/lib\libctru.a(apt.o)
 .text.aptWaitForWakeUp.isra.0
                0x001087bc      0x2d0 C:/devkitPro/libctru/lib\libctru.a(apt.o)
 .text.aptJumpToHomeMenu
                0x00108a8c       0xf4 C:/devkitPro/libctru/lib\libctru.a(apt.o)
                0x00108a8c                aptJumpToHomeMenu
 .text.aptMainLoop
                0x00108b80       0x58 C:/devkitPro/libctru/lib\libctru.a(apt.o)
                0x00108b80                aptMainLoop
 .text.aptInit  0x00108bd8      0x240 C:/devkitPro/libctru/lib\libctru.a(apt.o)
                0x00108bd8                aptInit
 .text.APT_CheckNew3DS
                0x00108e18       0x90 C:/devkitPro/libctru/lib\libctru.a(apt.o)
                0x00108e18                APT_CheckNew3DS
 .text.fsInit   0x00108ea8      0x104 C:/devkitPro/libctru/lib\libctru.a(fs.o)
                0x00108ea8                fsInit
 .text.fsExit   0x00108fac       0x3c C:/devkitPro/libctru/lib\libctru.a(fs.o)
                0x00108fac                fsExit
 .text.fsExemptFromSession
                0x00108fe8       0x68 C:/devkitPro/libctru/lib\libctru.a(fs.o)
                0x00108fe8                fsExemptFromSession
 .text.fsUnexemptFromSession
                0x00109050       0x50 C:/devkitPro/libctru/lib\libctru.a(fs.o)
                0x00109050                fsUnexemptFromSession
 .text.FSUSER_OpenFile
                0x001090a0       0xcc C:/devkitPro/libctru/lib\libctru.a(fs.o)
                0x001090a0                FSUSER_OpenFile
 .text.FSUSER_OpenFileDirectly
                0x0010916c       0xcc C:/devkitPro/libctru/lib\libctru.a(fs.o)
                0x0010916c                FSUSER_OpenFileDirectly
 .text.FSUSER_DeleteFile
                0x00109238       0xb8 C:/devkitPro/libctru/lib\libctru.a(fs.o)
                0x00109238                FSUSER_DeleteFile
 .text.FSUSER_RenameFile
                0x001092f0       0xf4 C:/devkitPro/libctru/lib\libctru.a(fs.o)
                0x001092f0                FSUSER_RenameFile
 .text.FSUSER_DeleteDirectory
                0x001093e4       0xb8 C:/devkitPro/libctru/lib\libctru.a(fs.o)
                0x001093e4                FSUSER_DeleteDirectory
 .text.FSUSER_CreateFile
                0x0010949c       0xd0 C:/devkitPro/libctru/lib\libctru.a(fs.o)
                0x0010949c                FSUSER_CreateFile
 .text.FSUSER_CreateDirectory
                0x0010956c       0xc0 C:/devkitPro/libctru/lib\libctru.a(fs.o)
                0x0010956c                FSUSER_CreateDirectory
 .text.FSUSER_RenameDirectory
                0x0010962c       0xf4 C:/devkitPro/libctru/lib\libctru.a(fs.o)
                0x0010962c                FSUSER_RenameDirectory
 .text.FSUSER_OpenDirectory
                0x00109720       0xb4 C:/devkitPro/libctru/lib\libctru.a(fs.o)
                0x00109720                FSUSER_OpenDirectory
 .text.FSUSER_OpenArchive
                0x001097d4       0x90 C:/devkitPro/libctru/lib\libctru.a(fs.o)
                0x001097d4                FSUSER_OpenArchive
 .text.FSUSER_CloseArchive
                0x00109864       0x8c C:/devkitPro/libctru/lib\libctru.a(fs.o)
                0x00109864                FSUSER_CloseArchive
 .text.FSUSER_GetSdmcArchiveResource
                0x001098f0       0x74 C:/devkitPro/libctru/lib\libctru.a(fs.o)
                0x001098f0                FSUSER_GetSdmcArchiveResource
 .text.FSUSER_IsSdmcWritable
                0x00109964       0x64 C:/devkitPro/libctru/lib\libctru.a(fs.o)
                0x00109964                FSUSER_IsSdmcWritable
 .text.FSFILE_Read
                0x001099c8       0x64 C:/devkitPro/libctru/lib\libctru.a(fs.o)
                0x001099c8                FSFILE_Read
 .text.FSFILE_Write
                0x00109a2c       0x6c C:/devkitPro/libctru/lib\libctru.a(fs.o)
                0x00109a2c                FSFILE_Write
 .text.FSFILE_GetSize
                0x00109a98       0x44 C:/devkitPro/libctru/lib\libctru.a(fs.o)
                0x00109a98                FSFILE_GetSize
 .text.FSFILE_SetSize
                0x00109adc       0x28 C:/devkitPro/libctru/lib\libctru.a(fs.o)
                0x00109adc                FSFILE_SetSize
 .text.FSFILE_Close
                0x00109b04       0x3c C:/devkitPro/libctru/lib\libctru.a(fs.o)
                0x00109b04                FSFILE_Close
 .text.FSFILE_Flush
                0x00109b40       0x24 C:/devkitPro/libctru/lib\libctru.a(fs.o)
                0x00109b40                FSFILE_Flush
 .text.FSDIR_Read
                0x00109b64       0x60 C:/devkitPro/libctru/lib\libctru.a(fs.o)
                0x00109b64                FSDIR_Read
 .text.FSDIR_Close
                0x00109bc4       0x3c C:/devkitPro/libctru/lib\libctru.a(fs.o)
                0x00109bc4                FSDIR_Close
 .text.gspExit  0x00109c00      0x110 C:/devkitPro/libctru/lib\libctru.a(gspgpu.o)
                0x00109c00                gspExit
 .text.gspHasGpuRight
                0x00109d10       0x10 C:/devkitPro/libctru/lib\libctru.a(gspgpu.o)
                0x00109d10                gspHasGpuRight
 .text.gspPresentBuffer
                0x00109d20       0xa4 C:/devkitPro/libctru/lib\libctru.a(gspgpu.o)
                0x00109d20                gspPresentBuffer
 .text.gspWaitForEvent
                0x00109dc4       0x50 C:/devkitPro/libctru/lib\libctru.a(gspgpu.o)
                0x00109dc4                gspWaitForEvent
 .text.gspWaitForAnyEvent
                0x00109e14       0x4c C:/devkitPro/libctru/lib\libctru.a(gspgpu.o)
                0x00109e14                gspWaitForAnyEvent
 .text.gspSubmitGxCommand
                0x00109e60      0x12c C:/devkitPro/libctru/lib\libctru.a(gspgpu.o)
                0x00109e60                gspSubmitGxCommand
 .text.GSPGPU_FlushDataCache
                0x00109f8c       0x50 C:/devkitPro/libctru/lib\libctru.a(gspgpu.o)
                0x00109f8c                GSPGPU_FlushDataCache
 .text.GSPGPU_SetLcdForceBlack
                0x00109fdc       0x34 C:/devkitPro/libctru/lib\libctru.a(gspgpu.o)
                0x00109fdc                GSPGPU_SetLcdForceBlack
 .text.GSPGPU_AcquireRight
                0x0010a010       0x80 C:/devkitPro/libctru/lib\libctru.a(gspgpu.o)
                0x0010a010                GSPGPU_AcquireRight
 .text.GSPGPU_ReleaseRight
                0x0010a090       0x5c C:/devkitPro/libctru/lib\libctru.a(gspgpu.o)
                0x0010a090                GSPGPU_ReleaseRight
 .text.GSPGPU_ImportDisplayCaptureInfo
                0x0010a0ec       0x7c C:/devkitPro/libctru/lib\libctru.a(gspgpu.o)
                0x0010a0ec                GSPGPU_ImportDisplayCaptureInfo
 .text.GSPGPU_SaveVramSysArea
                0x0010a168       0x2c C:/devkitPro/libctru/lib\libctru.a(gspgpu.o)
                0x0010a168                GSPGPU_SaveVramSysArea
 .text.GSPGPU_RestoreVramSysArea
                0x0010a194       0x2c C:/devkitPro/libctru/lib\libctru.a(gspgpu.o)
                0x0010a194                GSPGPU_RestoreVramSysArea
 .text.hidShouldUseIrrst
                0x0010a1c0       0x24 C:/devkitPro/libctru/lib\libctru.a(hid.o)
                0x0010a1c0                hidShouldUseIrrst
 .text.hidInit  0x0010a1e4      0x1cc C:/devkitPro/libctru/lib\libctru.a(hid.o)
                0x0010a1e4                hidInit
 .text.hidExit  0x0010a3b0       0xe8 C:/devkitPro/libctru/lib\libctru.a(hid.o)
                0x0010a3b0                hidExit
 .text.hidScanInput
                0x0010a498      0x2a0 C:/devkitPro/libctru/lib\libctru.a(hid.o)
                0x0010a498                hidScanInput
 .text.hidKeysDown
                0x0010a738       0x10 C:/devkitPro/libctru/lib\libctru.a(hid.o)
                0x0010a738                hidKeysDown
 .text.irrstInit
                0x0010a748      0x1a4 C:/devkitPro/libctru/lib\libctru.a(irrst.o)
                0x0010a748                irrstInit
 .text.irrstExit
                0x0010a8ec       0xdc C:/devkitPro/libctru/lib\libctru.a(irrst.o)
                0x0010a8ec                irrstExit
 .text.irrstScanInput
                0x0010a9c8       0xb4 C:/devkitPro/libctru/lib\libctru.a(irrst.o)
                0x0010a9c8                irrstScanInput
 .text.irrstKeysHeld
                0x0010aa7c       0x24 C:/devkitPro/libctru/lib\libctru.a(irrst.o)
                0x0010aa7c                irrstKeysHeld
 .text.ptmSysmInit
                0x0010aaa0       0x78 C:/devkitPro/libctru/lib\libctru.a(ptmsysm.o)
                0x0010aaa0                ptmSysmInit
 .text.ptmSysmExit
                0x0010ab18       0x3c C:/devkitPro/libctru/lib\libctru.a(ptmsysm.o)
                0x0010ab18                ptmSysmExit
 .text.PTMSYSM_ConfigureNew3DSCPU
                0x0010ab54       0x34 C:/devkitPro/libctru/lib\libctru.a(ptmsysm.o)
                0x0010ab54                PTMSYSM_ConfigureNew3DSCPU
 .text.rbtree_find
                0x0010ab88       0x74 C:/devkitPro/libctru/lib\libctru.a(rbtree_find.o)
                0x0010ab88                rbtree_find
 .text.rbtree_init
                0x0010abfc       0x10 C:/devkitPro/libctru/lib\libctru.a(rbtree_init.o)
                0x0010abfc                rbtree_init
 .text.do_insert
                0x0010ac0c      0x198 C:/devkitPro/libctru/lib\libctru.a(rbtree_insert.o)
 .text.rbtree_insert
                0x0010ada4        0x8 C:/devkitPro/libctru/lib\libctru.a(rbtree_insert.o)
                0x0010ada4                rbtree_insert
 .text.rbtree_remove
                0x0010adac      0x310 C:/devkitPro/libctru/lib\libctru.a(rbtree_remove.o)
                0x0010adac                rbtree_remove
 .text.rbtree_rotate
                0x0010b0bc       0x90 C:/devkitPro/libctru/lib\libctru.a(rbtree_rotate.o)
                0x0010b0bc                rbtree_rotate
 .text.utf16_to_utf8
                0x0010b14c       0xe8 C:/devkitPro/libctru/lib\libctru.a(utf16_to_utf8.o)
                0x0010b14c                utf16_to_utf8
 .text.utf8_to_utf16
                0x0010b234       0xc0 C:/devkitPro/libctru/lib\libctru.a(utf8_to_utf16.o)
                0x0010b234                utf8_to_utf16
 *fill*         0x0010b2f4        0x4 
 .text.__system_allocateHeaps
                0x0010b2f8      0x1e8 C:/devkitPro/libctru/lib\libctru.a(allocateHeaps.o)
                0x0010b2f8                __system_allocateHeaps
 .text.__libctru_init
                0x0010b4e0       0x38 C:/devkitPro/libctru/lib\libctru.a(ctru_init.o)
                0x0010b4e0                __libctru_init
 .text.__system_initArgv
                0x0010b518      0x16c C:/devkitPro/libctru/lib\libctru.a(initArgv.o)
                0x0010b518                __system_initArgv
 .text.__syscall_getreent
                0x0010b684       0x30 C:/devkitPro/libctru/lib\libctru.a(syscalls.o)
                0x0010b684                __syscall_getreent
 .text.__syscall_gettod_r
                0x0010b6b4       0x64 C:/devkitPro/libctru/lib\libctru.a(syscalls.o)
                0x0010b6b4                __syscall_gettod_r
 .text.__syscall_lock_acquire
                0x0010b718        0x4 C:/devkitPro/libctru/lib\libctru.a(syscalls.o)
                0x0010b718                __syscall_lock_acquire
 .text.__syscall_lock_release
                0x0010b71c        0x4 C:/devkitPro/libctru/lib\libctru.a(syscalls.o)
                0x0010b71c                __syscall_lock_release
 .text.__syscall_lock_acquire_recursive
                0x0010b720        0x4 C:/devkitPro/libctru/lib\libctru.a(syscalls.o)
                0x0010b720                __syscall_lock_acquire_recursive
 .text.__syscall_lock_release_recursive
                0x0010b724        0x4 C:/devkitPro/libctru/lib\libctru.a(syscalls.o)
                0x0010b724                __syscall_lock_release_recursive
 .text.__syscall_exit
                0x0010b728        0x4 C:/devkitPro/libctru/lib\libctru.a(syscalls.o)
                0x0010b728                __syscall_exit
 .text.initThreadVars
                0x0010b72c       0x54 C:/devkitPro/libctru/lib\libctru.a(syscalls.o)
                0x0010b72c                initThreadVars
 .text.__system_initSyscalls
                0x0010b780       0x80 C:/devkitPro/libctru/lib\libctru.a(syscalls.o)
                0x0010b780                __system_initSyscalls
 .text.svcControlMemory
                0x0010b800       0x20 C:/devkitPro/libctru/lib\libctru.a(svc.o)
                0x0010b800                svcControlMemory
 .text.svcQueryMemory
                0x0010b820       0x30 C:/devkitPro/libctru/lib\libctru.a(svc.o)
                0x0010b820                svcQueryMemory
 .text.svcExitProcess
                0x0010b850        0x8 C:/devkitPro/libctru/lib\libctru.a(svc.o)
                0x0010b850                svcExitProcess
 .text.svcCreateThread
                0x0010b858       0x20 C:/devkitPro/libctru/lib\libctru.a(svc.o)
                0x0010b858                svcCreateThread
 .text.svcExitThread
                0x0010b878        0x8 C:/devkitPro/libctru/lib\libctru.a(svc.o)
                0x0010b878                svcExitThread
 .text.svcSleepThread
                0x0010b880        0x8 C:/devkitPro/libctru/lib\libctru.a(svc.o)
                0x0010b880                svcSleepThread
 .text.svcReleaseMutex
                0x0010b888        0x8 C:/devkitPro/libctru/lib\libctru.a(svc.o)
                0x0010b888                svcReleaseMutex
 .text.svcSignalEvent
                0x0010b890        0x8 C:/devkitPro/libctru/lib\libctru.a(svc.o)
                0x0010b890                svcSignalEvent
 .text.svcClearEvent
                0x0010b898        0x8 C:/devkitPro/libctru/lib\libctru.a(svc.o)
                0x0010b898                svcClearEvent
 .text.svcMapMemoryBlock
                0x0010b8a0        0x8 C:/devkitPro/libctru/lib\libctru.a(svc.o)
                0x0010b8a0                svcMapMemoryBlock
 .text.svcUnmapMemoryBlock
                0x0010b8a8        0x8 C:/devkitPro/libctru/lib\libctru.a(svc.o)
                0x0010b8a8                svcUnmapMemoryBlock
 .text.svcCreateAddressArbiter
                0x0010b8b0       0x14 C:/devkitPro/libctru/lib\libctru.a(svc.o)
                0x0010b8b0                svcCreateAddressArbiter
 .text.svcArbitrateAddressNoTimeout
                0x0010b8c4        0x8 C:/devkitPro/libctru/lib\libctru.a(svc.o)
                0x0010b8c4                svcArbitrateAddressNoTimeout
 .text.svcCloseHandle
                0x0010b8cc        0x8 C:/devkitPro/libctru/lib\libctru.a(svc.o)
                0x0010b8cc                svcCloseHandle
 .text.svcWaitSynchronization
                0x0010b8d4        0x8 C:/devkitPro/libctru/lib\libctru.a(svc.o)
                0x0010b8d4                svcWaitSynchronization
 .text.svcWaitSynchronizationN
                0x0010b8dc       0x28 C:/devkitPro/libctru/lib\libctru.a(svc.o)
                0x0010b8dc                svcWaitSynchronizationN
 .text.svcDuplicateHandle
                0x0010b904       0x14 C:/devkitPro/libctru/lib\libctru.a(svc.o)
                0x0010b904                svcDuplicateHandle
 .text.svcGetSystemTick
                0x0010b918        0x8 C:/devkitPro/libctru/lib\libctru.a(svc.o)
                0x0010b918                svcGetSystemTick
 .text.svcConnectToPort
                0x0010b920       0x14 C:/devkitPro/libctru/lib\libctru.a(svc.o)
                0x0010b920                svcConnectToPort
 .text.svcSendSyncRequest
                0x0010b934        0x8 C:/devkitPro/libctru/lib\libctru.a(svc.o)
                0x0010b934                svcSendSyncRequest
 .text.svcGetResourceLimit
                0x0010b93c       0x14 C:/devkitPro/libctru/lib\libctru.a(svc.o)
                0x0010b93c                svcGetResourceLimit
 .text.svcGetResourceLimitLimitValues
                0x0010b950        0x8 C:/devkitPro/libctru/lib\libctru.a(svc.o)
                0x0010b950                svcGetResourceLimitLimitValues
 .text.svcGetResourceLimitCurrentValues
                0x0010b958        0x8 C:/devkitPro/libctru/lib\libctru.a(svc.o)
                0x0010b958                svcGetResourceLimitCurrentValues
 .text.svcBreak
                0x0010b960        0x8 C:/devkitPro/libctru/lib\libctru.a(svc.o)
                0x0010b960                svcBreak
 .text.__aeabi_read_tp
                0x0010b968        0xc C:/devkitPro/libctru/lib\libctru.a(readtp.o)
                0x0010b968                __aeabi_read_tp
 .text.initSystem
                0x0010b974       0x50 C:/devkitPro/libctru/lib\libctru.a(stack_adjust.o)
                0x0010b974                initSystem
 .text.__ctru_exit
                0x0010b9c4       0x14 C:/devkitPro/libctru/lib\libctru.a(stack_adjust.o)
                0x0010b9c4                __ctru_exit
 .text.envGetHandle
                0x0010b9d8       0x8c C:/devkitPro/libctru/lib\libctru.a(env.o)
                0x0010b9d8                envGetHandle
 .text.envDestroyHandles
                0x0010ba64       0x50 C:/devkitPro/libctru/lib\libctru.a(env.o)
                0x0010ba64                envDestroyHandles
 .text.srvInit  0x0010bab4      0x164 C:/devkitPro/libctru/lib\libctru.a(srv.o)
                0x0010bab4                srvInit
 .text.srvExit  0x0010bc18       0x64 C:/devkitPro/libctru/lib\libctru.a(srv.o)
                0x0010bc18                srvExit
 .text.srvEnableNotification
                0x0010bc7c       0x60 C:/devkitPro/libctru/lib\libctru.a(srv.o)
                0x0010bc7c                srvEnableNotification
 .text.srvGetServiceHandleDirect
                0x0010bcdc       0xa0 C:/devkitPro/libctru/lib\libctru.a(srv.o)
                0x0010bcdc                srvGetServiceHandleDirect
 .text.srvGetServiceHandle
                0x0010bd7c       0x48 C:/devkitPro/libctru/lib\libctru.a(srv.o)
                0x0010bd7c                srvGetServiceHandle
 .text.srvSubscribe
                0x0010bdc4       0x34 C:/devkitPro/libctru/lib\libctru.a(srv.o)
                0x0010bdc4                srvSubscribe
 .text.srvReceiveNotification
                0x0010bdf8       0x60 C:/devkitPro/libctru/lib\libctru.a(srv.o)
                0x0010bdf8                srvReceiveNotification
 .text.srvPublishToSubscriber
                0x0010be58       0x38 C:/devkitPro/libctru/lib\libctru.a(srv.o)
                0x0010be58                srvPublishToSubscriber
 .text.__sync_init
                0x0010be90        0xc C:/devkitPro/libctru/lib\libctru.a(synchronization.o)
                0x0010be90                __sync_init
 .text.__sync_fini
                0x0010be9c       0x18 C:/devkitPro/libctru/lib\libctru.a(synchronization.o)
                0x0010be9c                __sync_fini
 .text.syncArbitrateAddress
                0x0010beb4       0x28 C:/devkitPro/libctru/lib\libctru.a(synchronization.o)
                0x0010beb4                syncArbitrateAddress
 .text.LightLock_Lock
                0x0010bedc       0xac C:/devkitPro/libctru/lib\libctru.a(synchronization.o)
                0x0010bedc                LightLock_Lock
 .text.LightLock_Unlock
                0x0010bf88       0x40 C:/devkitPro/libctru/lib\libctru.a(synchronization.o)
                0x0010bf88                LightLock_Unlock
 .text.RecursiveLock_Lock
                0x0010bfc8       0x54 C:/devkitPro/libctru/lib\libctru.a(synchronization.o)
                0x0010bfc8                RecursiveLock_Lock
 .text.RecursiveLock_Unlock
                0x0010c01c       0x54 C:/devkitPro/libctru/lib\libctru.a(synchronization.o)
                0x0010c01c                RecursiveLock_Unlock
 .text.LightEvent_Init
                0x0010c070       0x44 C:/devkitPro/libctru/lib\libctru.a(synchronization.o)
                0x0010c070                LightEvent_Init
 .text.LightEvent_Clear
                0x0010c0b4       0xb8 C:/devkitPro/libctru/lib\libctru.a(synchronization.o)
                0x0010c0b4                LightEvent_Clear
 .text.LightEvent_Signal
                0x0010c16c       0xdc C:/devkitPro/libctru/lib\libctru.a(synchronization.o)
                0x0010c16c                LightEvent_Signal
 .text.LightEvent_TryWait
                0x0010c248       0x50 C:/devkitPro/libctru/lib\libctru.a(synchronization.o)
                0x0010c248                LightEvent_TryWait
 .text.LightEvent_Wait
                0x0010c298       0xac C:/devkitPro/libctru/lib\libctru.a(synchronization.o)
                0x0010c298                LightEvent_Wait
 .text.threadCreate
                0x0010c344      0x1fc C:/devkitPro/libctru/lib\libctru.a(thread.o)
                0x0010c344                threadCreate
 .text.threadFree
                0x0010c540       0x38 C:/devkitPro/libctru/lib\libctru.a(thread.o)
                0x0010c540                threadFree
 .text.threadJoin
                0x0010c578       0x24 C:/devkitPro/libctru/lib\libctru.a(thread.o)
                0x0010c578                threadJoin
 .text.threadGetCurrent
                0x0010c59c       0x30 C:/devkitPro/libctru/lib\libctru.a(thread.o)
                0x0010c59c                threadGetCurrent
 .text.threadExit
                0x0010c5cc       0x40 C:/devkitPro/libctru/lib\libctru.a(thread.o)
                0x0010c5cc                threadExit
 .text._thread_begin
                0x0010c60c       0x20 C:/devkitPro/libctru/lib\libctru.a(thread.o)
 .text.mappableFindAddressWithin
                0x0010c62c       0x90 C:/devkitPro/libctru/lib\libctru.a(mappable.o)
 .text.mappableInit
                0x0010c6bc       0x28 C:/devkitPro/libctru/lib\libctru.a(mappable.o)
                0x0010c6bc                mappableInit
 .text.mappableAlloc
                0x0010c6e4       0x7c C:/devkitPro/libctru/lib\libctru.a(mappable.o)
                0x0010c6e4                mappableAlloc
 .text.mappableFree
                0x0010c760        0x4 C:/devkitPro/libctru/lib\libctru.a(mappable.o)
                0x0010c760                mappableFree
 .text.srvPmGetSessionHandle
                0x0010c764        0xc C:/devkitPro/libctru/lib\libctru.a(srvpm.o)
                0x0010c764                srvPmGetSessionHandle
 .text.rbtree_node_next
                0x0010c770       0x60 C:/devkitPro/libctru/lib\libctru.a(rbtree_iterator.o)
                0x0010c770                rbtree_node_next
 .text.decode_utf16
                0x0010c7d0       0x54 C:/devkitPro/libctru/lib\libctru.a(decode_utf16.o)
                0x0010c7d0                decode_utf16
 .text.decode_utf8
                0x0010c824      0x140 C:/devkitPro/libctru/lib\libctru.a(decode_utf8.o)
                0x0010c824                decode_utf8
 .text.encode_utf16
                0x0010c964       0x54 C:/devkitPro/libctru/lib\libctru.a(encode_utf16.o)
                0x0010c964                encode_utf16
 .text.encode_utf8
                0x0010c9b8       0xe0 C:/devkitPro/libctru/lib\libctru.a(encode_utf8.o)
                0x0010c9b8                encode_utf8
 .text.__appExit
                0x0010ca98       0x30 C:/devkitPro/libctru/lib\libctru.a(appExit.o)
                0x0010ca98                __appExit
 .text.__appInit
                0x0010cac8       0x30 C:/devkitPro/libctru/lib\libctru.a(appInit.o)
                0x0010cac8                __appInit
 .text.__libctru_exit
                0x0010caf8       0x90 C:/devkitPro/libctru/lib\libctru.a(ctru_exit.o)
                0x0010caf8                __libctru_exit
 .text.archive_link
                0x0010cb88       0x14 C:/devkitPro/libctru/lib\libctru.a(archive_dev.o)
 .text.archive_dirreset
                0x0010cb9c       0x14 C:/devkitPro/libctru/lib\libctru.a(archive_dev.o)
 .text.archive_chmod
                0x0010cbb0       0x14 C:/devkitPro/libctru/lib\libctru.a(archive_dev.o)
 .text.error_cmp
                0x0010cbc4       0x24 C:/devkitPro/libctru/lib\libctru.a(archive_dev.o)
 .text.archive_translate_error
                0x0010cbe8       0x50 C:/devkitPro/libctru/lib\libctru.a(archive_dev.o)
 .text.archive_seek
                0x0010cc38       0xc0 C:/devkitPro/libctru/lib\libctru.a(archive_dev.o)
 .text._archiveInit.part.0
                0x0010ccf8       0x78 C:/devkitPro/libctru/lib\libctru.a(archive_dev.o)
 .text.archiveFindDevice.part.0
                0x0010cd70       0xd4 C:/devkitPro/libctru/lib\libctru.a(archive_dev.o)
 .text.archive_utf16path
                0x0010ce44      0x298 C:/devkitPro/libctru/lib\libctru.a(archive_dev.o)
 .text._archiveUnmountDeviceStruct.part.0
                0x0010d0dc       0x98 C:/devkitPro/libctru/lib\libctru.a(archive_dev.o)
 .text.archive_statvfs
                0x0010d174       0x14 C:/devkitPro/libctru/lib\libctru.a(archive_dev.o)
 .text.archive_fchmod
                0x0010d188       0x14 C:/devkitPro/libctru/lib\libctru.a(archive_dev.o)
 .text._archiveMountDevice
                0x0010d19c      0x178 C:/devkitPro/libctru/lib\libctru.a(archive_dev.o)
 .text.archive_diropen
                0x0010d314       0xf8 C:/devkitPro/libctru/lib\libctru.a(archive_dev.o)
 .text.archive_fstat
                0x0010d40c       0xac C:/devkitPro/libctru/lib\libctru.a(archive_dev.o)
 .text.archive_fsync
                0x0010d4b8       0x74 C:/devkitPro/libctru/lib\libctru.a(archive_dev.o)
 .text.archive_close
                0x0010d52c       0x74 C:/devkitPro/libctru/lib\libctru.a(archive_dev.o)
 .text.archive_dirclose
                0x0010d5a0       0x78 C:/devkitPro/libctru/lib\libctru.a(archive_dev.o)
 .text.sdmc_statvfs
                0x0010d618       0xec C:/devkitPro/libctru/lib\libctru.a(archive_dev.o)
 .text.archive_chdir
                0x0010d704       0xf8 C:/devkitPro/libctru/lib\libctru.a(archive_dev.o)
 .text.archive_ftruncate
                0x0010d7fc       0x8c C:/devkitPro/libctru/lib\libctru.a(archive_dev.o)
 .text.archive_read
                0x0010d888       0xbc C:/devkitPro/libctru/lib\libctru.a(archive_dev.o)
 .text.archive_unlink
                0x0010d944       0xa8 C:/devkitPro/libctru/lib\libctru.a(archive_dev.o)
 .text.archive_rmdir
                0x0010d9ec       0xc0 C:/devkitPro/libctru/lib\libctru.a(archive_dev.o)
 .text.archive_mkdir
                0x0010daac       0xd8 C:/devkitPro/libctru/lib\libctru.a(archive_dev.o)
 .text.archive_stat
                0x0010db84      0x1a0 C:/devkitPro/libctru/lib\libctru.a(archive_dev.o)
 .text.archive_dirnext
                0x0010dd24      0x164 C:/devkitPro/libctru/lib\libctru.a(archive_dev.o)
 .text.archive_write
                0x0010de88      0x13c C:/devkitPro/libctru/lib\libctru.a(archive_dev.o)
 *fill*         0x0010dfc4        0x4 
 .text.archive_open
                0x0010dfc8      0x254 C:/devkitPro/libctru/lib\libctru.a(archive_dev.o)
 .text.archive_rename
                0x0010e21c      0x270 C:/devkitPro/libctru/lib\libctru.a(archive_dev.o)
 .text.archiveMountSdmc
                0x0010e48c      0x1c8 C:/devkitPro/libctru/lib\libctru.a(archive_dev.o)
                0x0010e48c                archiveMountSdmc
 .text.archiveUnmountAll
                0x0010e654       0x54 C:/devkitPro/libctru/lib\libctru.a(archive_dev.o)
                0x0010e654                archiveUnmountAll
 .text._ZdlPvj  0x0010e6a8        0x4 C:/devkitPro/devkitARM/bin/../lib/gcc/arm-none-eabi/15.1.0/../../../../arm-none-eabi/lib/armv6k/fpu\libstdc++.a(del_ops.o)
                0x0010e6a8                operator delete(void*, unsigned int)
 .text._Znwj    0x0010e6ac       0x5c C:/devkitPro/devkitARM/bin/../lib/gcc/arm-none-eabi/15.1.0/../../../../arm-none-eabi/lib/armv6k/fpu\libstdc++.a(new_op.o)
                0x0010e6ac                operator new(unsigned int)
 .text.unlikely._ZSt19__throw_logic_errorPKc
                0x0010e708       0x40 C:/devkitPro/devkitARM/bin/../lib/gcc/arm-none-eabi/15.1.0/../../../../arm-none-eabi/lib/armv6k/fpu\libstdc++.a(functexcept.o)
                0x0010e708                std::__throw_logic_error(char const*)
 .text.unlikely._ZSt20__throw_length_errorPKc
                0x0010e748       0x40 C:/devkitPro/devkitARM/bin/../lib/gcc/arm-none-eabi/15.1.0/../../../../arm-none-eabi/lib/armv6k/fpu\libstdc++.a(functexcept.o)
                0x0010e748                std::__throw_length_error(char const*)
 .text._ZNKSt9bad_alloc4whatEv
                0x0010e788        0xc C:/devkitPro/devkitARM/bin/../lib/gcc/arm-none-eabi/15.1.0/../../../../arm-none-eabi/lib/armv6k/fpu\libstdc++.a(bad_alloc.o)
                0x0010e788                std::bad_alloc::what() const
 .text._ZNSt9bad_allocD2Ev
                0x0010e794       0x20 C:/devkitPro/devkitARM/bin/../lib/gcc/arm-none-eabi/15.1.0/../../../../arm-none-eabi/lib/armv6k/fpu\libstdc++.a(bad_alloc.o)
                0x0010e794                std::bad_alloc::~bad_alloc()
                0x0010e794                std::bad_alloc::~bad_alloc()
 .text._ZNSt9bad_allocD0Ev
                0x0010e7b4       0x2c C:/devkitPro/devkitARM/bin/../lib/gcc/arm-none-eabi/15.1.0/../../../../arm-none-eabi/lib/armv6k/fpu\libstdc++.a(bad_alloc.o)
                0x0010e7b4                std::bad_alloc::~bad_alloc()
 .text._ZdlPv   0x0010e7e0        0x4 C:/devkitPro/devkitARM/bin/../lib/gcc/arm-none-eabi/15.1.0/../../../../arm-none-eabi/lib/armv6k/fpu\libstdc++.a(del_op.o)
                0x0010e7e0                operator delete(void*)
 .text._ZNK9__gnu_cxx24__concurrence_lock_error4whatEv
                0x0010e7e4        0xc C:/devkitPro/devkitARM/bin/../lib/gcc/arm-none-eabi/15.1.0/../../../../arm-none-eabi/lib/armv6k/fpu\libstdc++.a(eh_alloc.o)
                0x0010e7e4                __gnu_cxx::__concurrence_lock_error::what() const
 .text._ZNK9__gnu_cxx26__concurrence_unlock_error4whatEv
                0x0010e7f0        0xc C:/devkitPro/devkitARM/bin/../lib/gcc/arm-none-eabi/15.1.0/../../../../arm-none-eabi/lib/armv6k/fpu\libstdc++.a(eh_alloc.o)
                0x0010e7f0                __gnu_cxx::__concurrence_unlock_error::what() const
 .text._ZN9__gnu_cxx24__concurrence_lock_errorD2Ev
                0x0010e7fc       0x20 C:/devkitPro/devkitARM/bin/../lib/gcc/arm-none-eabi/15.1.0/../../../../arm-none-eabi/lib/armv6k/fpu\libstdc++.a(eh_alloc.o)
                0x0010e7fc                __gnu_cxx::__concurrence_lock_error::~__concurrence_lock_error()
                0x0010e7fc                __gnu_cxx::__concurrence_lock_error::~__concurrence_lock_error()
 .text._ZN9__gnu_cxx24__concurrence_lock_errorD0Ev
                0x0010e81c       0x2c C:/devkitPro/devkitARM/bin/../lib/gcc/arm-none-eabi/15.1.0/../../../../arm-none-eabi/lib/armv6k/fpu\libstdc++.a(eh_alloc.o)
                0x0010e81c                __gnu_cxx::__concurrence_lock_error::~__concurrence_lock_error()
 .text._ZN9__gnu_cxx26__concurrence_unlock_errorD2Ev
                0x0010e848       0x20 C:/devkitPro/devkitARM/bin/../lib/gcc/arm-none-eabi/15.1.0/../../../../arm-none-eabi/lib/armv6k/fpu\libstdc++.a(eh_alloc.o)
                0x0010e848                __gnu_cxx::__concurrence_unlock_error::~__concurrence_unlock_error()
                0x0010e848                __gnu_cxx::__concurrence_unlock_error::~__concurrence_unlock_error()
 .text._ZN9__gnu_cxx26__concurrence_unlock_errorD0Ev
                0x0010e868       0x2c C:/devkitPro/devkitARM/bin/../lib/gcc/arm-none-eabi/15.1.0/../../../../arm-none-eabi/lib/armv6k/fpu\libstdc++.a(eh_alloc.o)
                0x0010e868                __gnu_cxx::__concurrence_unlock_error::~__concurrence_unlock_error()
 .text.unlikely._ZN9__gnu_cxx30__throw_concurrence_lock_errorEv
                0x0010e894       0x2c C:/devkitPro/devkitARM/bin/../lib/gcc/arm-none-eabi/15.1.0/../../../../arm-none-eabi/lib/armv6k/fpu\libstdc++.a(eh_alloc.o)
                0x0010e894                __gnu_cxx::__throw_concurrence_lock_error()
 .text.unlikely._ZN9__gnu_cxx32__throw_concurrence_unlock_errorEv
                0x0010e8c0       0x2c C:/devkitPro/devkitARM/bin/../lib/gcc/arm-none-eabi/15.1.0/../../../../arm-none-eabi/lib/armv6k/fpu\libstdc++.a(eh_alloc.o)
                0x0010e8c0                __gnu_cxx::__throw_concurrence_unlock_error()
 .text._ZN12_GLOBAL__N_14pool4freeEPv.constprop.0
                0x0010e8ec      0x12c C:/devkitPro/devkitARM/bin/../lib/gcc/arm-none-eabi/15.1.0/../../../../arm-none-eabi/lib/armv6k/fpu\libstdc++.a(eh_alloc.o)
 .text._ZN12_GLOBAL__N_14pool8allocateEj.constprop.0
                0x0010ea18       0xf0 C:/devkitPro/devkitARM/bin/../lib/gcc/arm-none-eabi/15.1.0/../../../../arm-none-eabi/lib/armv6k/fpu\libstdc++.a(eh_alloc.o)
 .text.__cxa_allocate_exception
                0x0010eb08       0x44 C:/devkitPro/devkitARM/bin/../lib/gcc/arm-none-eabi/15.1.0/../../../../arm-none-eabi/lib/armv6k/fpu\libstdc++.a(eh_alloc.o)
                0x0010eb08                __cxa_allocate_exception
 .text.__cxa_free_exception
                0x0010eb4c       0x28 C:/devkitPro/devkitARM/bin/../lib/gcc/arm-none-eabi/15.1.0/../../../../arm-none-eabi/lib/armv6k/fpu\libstdc++.a(eh_alloc.o)
                0x0010eb4c                __cxa_free_exception
 .text.startup._GLOBAL__sub_I__ZN9__gnu_cxx9__freeresEv
                0x0010eb74      0x1a4 C:/devkitPro/devkitARM/bin/../lib/gcc/arm-none-eabi/15.1.0/../../../../arm-none-eabi/lib/armv6k/fpu\libstdc++.a(eh_alloc.o)
 .text.__cxa_end_cleanup
                0x0010ed18       0x10 C:/devkitPro/devkitARM/bin/../lib/gcc/arm-none-eabi/15.1.0/../../../../arm-none-eabi/lib/armv6k/fpu\libstdc++.a(eh_arm.o)
                0x0010ed18                __cxa_end_cleanup
 .text.__cxa_type_match
                0x0010ed28      0x138 C:/devkitPro/devkitARM/bin/../lib/gcc/arm-none-eabi/15.1.0/../../../../arm-none-eabi/lib/armv6k/fpu\libstdc++.a(eh_arm.o)
                0x0010ed28                __cxa_type_match
 .text.__cxa_begin_cleanup
                0x0010ee60       0xb4 C:/devkitPro/devkitARM/bin/../lib/gcc/arm-none-eabi/15.1.0/../../../../arm-none-eabi/lib/armv6k/fpu\libstdc++.a(eh_arm.o)
                0x0010ee60                __cxa_begin_cleanup
 .text.__gnu_end_cleanup
                0x0010ef14       0xb4 C:/devkitPro/devkitARM/bin/../lib/gcc/arm-none-eabi/15.1.0/../../../../arm-none-eabi/lib/armv6k/fpu\libstdc++.a(eh_arm.o)
                0x0010ef14                __gnu_end_cleanup
 .text._ZNSt9exceptionD2Ev
                0x0010efc8        0x4 C:/devkitPro/devkitARM/bin/../lib/gcc/arm-none-eabi/15.1.0/../../../../arm-none-eabi/lib/armv6k/fpu\libstdc++.a(eh_exception.o)
                0x0010efc8                std::exception::~exception()
                0x0010efc8                std::exception::~exception()
 .text._ZNSt13bad_exceptionD2Ev
                0x0010efcc        0x4 C:/devkitPro/devkitARM/bin/../lib/gcc/arm-none-eabi/15.1.0/../../../../arm-none-eabi/lib/armv6k/fpu\libstdc++.a(eh_exception.o)
                0x0010efcc                std::bad_exception::~bad_exception()
                0x0010efcc                std::bad_exception::~bad_exception()
 .text._ZNKSt13bad_exception4whatEv
                0x0010efd0        0xc C:/devkitPro/devkitARM/bin/../lib/gcc/arm-none-eabi/15.1.0/../../../../arm-none-eabi/lib/armv6k/fpu\libstdc++.a(eh_exception.o)
                0x0010efd0                std::bad_exception::what() const
                0x0010efd0                transaction clone for std::bad_exception::what() const
 .text._ZNSt13bad_exceptionD0Ev
                0x0010efdc       0x20 C:/devkitPro/devkitARM/bin/../lib/gcc/arm-none-eabi/15.1.0/../../../../arm-none-eabi/lib/armv6k/fpu\libstdc++.a(eh_exception.o)
                0x0010efdc                std::bad_exception::~bad_exception()
 .text._ZL15eh_globals_dtorPv
                0x0010effc       0x38 C:/devkitPro/devkitARM/bin/../lib/gcc/arm-none-eabi/15.1.0/../../../../arm-none-eabi/lib/armv6k/fpu\libstdc++.a(eh_globals.o)
 .text.__cxa_get_globals_fast
                0x0010f034       0x38 C:/devkitPro/devkitARM/bin/../lib/gcc/arm-none-eabi/15.1.0/../../../../arm-none-eabi/lib/armv6k/fpu\libstdc++.a(eh_globals.o)
                0x0010f034                __cxa_get_globals_fast
 .text.__cxa_get_globals
                0x0010f06c       0x90 C:/devkitPro/devkitARM/bin/../lib/gcc/arm-none-eabi/15.1.0/../../../../arm-none-eabi/lib/armv6k/fpu\libstdc++.a(eh_globals.o)
                0x0010f06c                __cxa_get_globals
 .text.startup._GLOBAL__sub_I__ZN17__eh_globals_init7_S_initE
                0x0010f0fc       0x40 C:/devkitPro/devkitARM/bin/../lib/gcc/arm-none-eabi/15.1.0/../../../../arm-none-eabi/lib/armv6k/fpu\libstdc++.a(eh_globals.o)
 .text.exit._GLOBAL__sub_D__ZN17__eh_globals_init7_S_initE
                0x0010f13c       0x34 C:/devkitPro/devkitARM/bin/../lib/gcc/arm-none-eabi/15.1.0/../../../../arm-none-eabi/lib/armv6k/fpu\libstdc++.a(eh_globals.o)
 .text._ZL28read_encoded_value_with_basehjPKhPj
                0x0010f170      0x150 C:/devkitPro/devkitARM/bin/../lib/gcc/arm-none-eabi/15.1.0/../../../../arm-none-eabi/lib/armv6k/fpu\libstdc++.a(eh_personality.o)
 .text._ZL21base_of_encoded_valuehP15_Unwind_Context
                0x0010f2c0       0x5c C:/devkitPro/devkitARM/bin/../lib/gcc/arm-none-eabi/15.1.0/../../../../arm-none-eabi/lib/armv6k/fpu\libstdc++.a(eh_personality.o)
 .text._ZL17parse_lsda_headerP15_Unwind_ContextPKhP16lsda_header_info
                0x0010f31c       0xf0 C:/devkitPro/devkitARM/bin/../lib/gcc/arm-none-eabi/15.1.0/../../../../arm-none-eabi/lib/armv6k/fpu\libstdc++.a(eh_personality.o)
 .text.__gxx_personality_v0
                0x0010f40c      0x6c8 C:/devkitPro/devkitARM/bin/../lib/gcc/arm-none-eabi/15.1.0/../../../../arm-none-eabi/lib/armv6k/fpu\libstdc++.a(eh_personality.o)
                0x0010f40c                __gxx_personality_v0
 .text._ZN10__cxxabiv111__terminateEPFvvE
                0x0010fad4       0x14 C:/devkitPro/devkitARM/bin/../lib/gcc/arm-none-eabi/15.1.0/../../../../arm-none-eabi/lib/armv6k/fpu\libstdc++.a(eh_terminate.o)
                0x0010fad4                __cxxabiv1::__terminate(void (*)())
 .text.unlikely._ZSt9terminatev
                0x0010fae8       0x18 C:/devkitPro/devkitARM/bin/../lib/gcc/arm-none-eabi/15.1.0/../../../../arm-none-eabi/lib/armv6k/fpu\libstdc++.a(eh_terminate.o)
                0x0010fae8                std::terminate()
 .text._ZN10__cxxabiv112__unexpectedEPFvvE
                0x0010fb00        0xc C:/devkitPro/devkitARM/bin/../lib/gcc/arm-none-eabi/15.1.0/../../../../arm-none-eabi/lib/armv6k/fpu\libstdc++.a(eh_terminate.o)
                0x0010fb00                __cxxabiv1::__unexpected(void (*)())
 .text.unlikely._ZSt10unexpectedv
                0x0010fb0c       0x18 C:/devkitPro/devkitARM/bin/../lib/gcc/arm-none-eabi/15.1.0/../../../../arm-none-eabi/lib/armv6k/fpu\libstdc++.a(eh_terminate.o)
                0x0010fb0c                std::unexpected()
 .text._ZSt13get_terminatev
                0x0010fb24       0x14 C:/devkitPro/devkitARM/bin/../lib/gcc/arm-none-eabi/15.1.0/../../../../arm-none-eabi/lib/armv6k/fpu\libstdc++.a(eh_terminate.o)
                0x0010fb24                std::get_terminate()
 .text._ZSt14get_unexpectedv
                0x0010fb38       0x14 C:/devkitPro/devkitARM/bin/../lib/gcc/arm-none-eabi/15.1.0/../../../../arm-none-eabi/lib/armv6k/fpu\libstdc++.a(eh_terminate.o)
                0x0010fb38                std::get_unexpected()
 .text._ZL23__gxx_exception_cleanup19_Unwind_Reason_CodeP21_Unwind_Control_Block
                0x0010fb4c       0x70 C:/devkitPro/devkitARM/bin/../lib/gcc/arm-none-eabi/15.1.0/../../../../arm-none-eabi/lib/armv6k/fpu\libstdc++.a(eh_throw.o)
 .text.__cxa_init_primary_exception
                0x0010fbbc       0x54 C:/devkitPro/devkitARM/bin/../lib/gcc/arm-none-eabi/15.1.0/../../../../arm-none-eabi/lib/armv6k/fpu\libstdc++.a(eh_throw.o)
                0x0010fbbc                __cxa_init_primary_exception
 .text.__cxa_throw
                0x0010fc10       0x54 C:/devkitPro/devkitARM/bin/../lib/gcc/arm-none-eabi/15.1.0/../../../../arm-none-eabi/lib/armv6k/fpu\libstdc++.a(eh_throw.o)
                0x0010fc10                __cxa_throw
 .text.__cxa_rethrow
                0x0010fc64       0xb0 C:/devkitPro/devkitARM/bin/../lib/gcc/arm-none-eabi/15.1.0/../../../../arm-none-eabi/lib/armv6k/fpu\libstdc++.a(eh_throw.o)
                0x0010fc64                __cxa_rethrow
 .text._ZSt15get_new_handlerv
                0x0010fd14       0x14 C:/devkitPro/devkitARM/bin/../lib/gcc/arm-none-eabi/15.1.0/../../../../arm-none-eabi/lib/armv6k/fpu\libstdc++.a(new_handler.o)
                0x0010fd14                std::get_new_handler()
 .text._ZN10__cxxabiv120__si_class_type_infoD2Ev
                0x0010fd28       0x20 C:/devkitPro/devkitARM/bin/../lib/gcc/arm-none-eabi/15.1.0/../../../../arm-none-eabi/lib/armv6k/fpu\libstdc++.a(si_class_type_info.o)
                0x0010fd28                __cxxabiv1::__si_class_type_info::~__si_class_type_info()
                0x0010fd28                __cxxabiv1::__si_class_type_info::~__si_class_type_info()
 .text._ZN10__cxxabiv120__si_class_type_infoD0Ev
                0x0010fd48       0x2c C:/devkitPro/devkitARM/bin/../lib/gcc/arm-none-eabi/15.1.0/../../../../arm-none-eabi/lib/armv6k/fpu\libstdc++.a(si_class_type_info.o)
                0x0010fd48                __cxxabiv1::__si_class_type_info::~__si_class_type_info()
 .text._ZNK10__cxxabiv120__si_class_type_info12__do_dyncastEiNS_17__class_type_info10__sub_kindEPKS1_PKvS4_S6_RNS1_16__dyncast_resultE
                0x0010fd74      0x140 C:/devkitPro/devkitARM/bin/../lib/gcc/arm-none-eabi/15.1.0/../../../../arm-none-eabi/lib/armv6k/fpu\libstdc++.a(si_class_type_info.o)
                0x0010fd74                __cxxabiv1::__si_class_type_info::__do_dyncast(int, __cxxabiv1::__class_type_info::__sub_kind, __cxxabiv1::__class_type_info const*, void const*, __cxxabiv1::__class_type_info const*, void const*, __cxxabiv1::__class_type_info::__dyncast_result&) const
 .text._ZNK10__cxxabiv120__si_class_type_info20__do_find_public_srcEiPKvPKNS_17__class_type_infoES2_
                0x0010feb4       0x88 C:/devkitPro/devkitARM/bin/../lib/gcc/arm-none-eabi/15.1.0/../../../../arm-none-eabi/lib/armv6k/fpu\libstdc++.a(si_class_type_info.o)
                0x0010feb4                __cxxabiv1::__si_class_type_info::__do_find_public_src(int, void const*, __cxxabiv1::__class_type_info const*, void const*) const
 .text._ZNK10__cxxabiv120__si_class_type_info11__do_upcastEPKNS_17__class_type_infoEPKvRNS1_15__upcast_resultE
                0x0010ff3c       0x44 C:/devkitPro/devkitARM/bin/../lib/gcc/arm-none-eabi/15.1.0/../../../../arm-none-eabi/lib/armv6k/fpu\libstdc++.a(si_class_type_info.o)
                0x0010ff3c                __cxxabiv1::__si_class_type_info::__do_upcast(__cxxabiv1::__class_type_info const*, void const*, __cxxabiv1::__class_type_info::__upcast_result&) const
 .text._ZNSt9type_infoD2Ev
                0x0010ff80        0x4 C:/devkitPro/devkitARM/bin/../lib/gcc/arm-none-eabi/15.1.0/../../../../arm-none-eabi/lib/armv6k/fpu\libstdc++.a(tinfo.o)
                0x0010ff80                std::type_info::~type_info()
                0x0010ff80                std::type_info::~type_info()
 .text._ZNKSt9type_info14__is_pointer_pEv
                0x0010ff84        0x8 C:/devkitPro/devkitARM/bin/../lib/gcc/arm-none-eabi/15.1.0/../../../../arm-none-eabi/lib/armv6k/fpu\libstdc++.a(tinfo.o)
                0x0010ff84                std::type_info::__is_pointer_p() const
                0x0010ff84                std::type_info::__is_function_p() const
 .text._ZNKSt11logic_error4whatEv
                0x0010ff8c        0x8 C:/devkitPro/devkitARM/bin/../lib/gcc/arm-none-eabi/15.1.0/../../../../arm-none-eabi/lib/armv6k/fpu\libstdc++.a(stdexcept.o)
                0x0010ff8c                std::logic_error::what() const
                0x0010ff8c                std::runtime_error::what() const
 .text._ZNSt11logic_errorD2Ev
                0x0010ff94       0x98 C:/devkitPro/devkitARM/bin/../lib/gcc/arm-none-eabi/15.1.0/../../../../arm-none-eabi/lib/armv6k/fpu\libstdc++.a(stdexcept.o)
                0x0010ff94                std::logic_error::~logic_error()
                0x0010ff94                std::logic_error::~logic_error()
 .text._ZNSt12length_errorD2Ev
                0x0011002c       0x98 C:/devkitPro/devkitARM/bin/../lib/gcc/arm-none-eabi/15.1.0/../../../../arm-none-eabi/lib/armv6k/fpu\libstdc++.a(stdexcept.o)
                0x0011002c                std::length_error::~length_error()
                0x0011002c                std::length_error::~length_error()
 .text._ZNSt11logic_errorD0Ev
                0x001100c4       0xa0 C:/devkitPro/devkitARM/bin/../lib/gcc/arm-none-eabi/15.1.0/../../../../arm-none-eabi/lib/armv6k/fpu\libstdc++.a(stdexcept.o)
                0x001100c4                std::logic_error::~logic_error()
 .text._ZNSt12length_errorD0Ev
                0x00110164       0xa0 C:/devkitPro/devkitARM/bin/../lib/gcc/arm-none-eabi/15.1.0/../../../../arm-none-eabi/lib/armv6k/fpu\libstdc++.a(stdexcept.o)
                0x00110164                std::length_error::~length_error()
 .text._ZNSt11logic_errorC2EPKc
                0x00110204       0xd8 C:/devkitPro/devkitARM/bin/../lib/gcc/arm-none-eabi/15.1.0/../../../../arm-none-eabi/lib/armv6k/fpu\libstdc++.a(cow-stdexcept.o)
                0x00110204                std::logic_error::logic_error(char const*)
                0x00110204                std::logic_error::logic_error(char const*)
 .text._ZNSt12length_errorC2EPKc
                0x001102dc       0x20 C:/devkitPro/devkitARM/bin/../lib/gcc/arm-none-eabi/15.1.0/../../../../arm-none-eabi/lib/armv6k/fpu\libstdc++.a(cow-stdexcept.o)
                0x001102dc                std::length_error::length_error(char const*)
                0x001102dc                std::length_error::length_error(char const*)
 .text._ZNSs4_Rep9_S_createEjjRKSaIcE
                0x001102fc       0x88 C:/devkitPro/devkitARM/bin/../lib/gcc/arm-none-eabi/15.1.0/../../../../arm-none-eabi/lib/armv6k/fpu\libstdc++.a(cow-string-inst.o)
                0x001102fc                std::string::_Rep::_S_create(unsigned int, unsigned int, std::allocator<char> const&)
 .text._ZNSs4_Rep10_M_destroyERKSaIcE
                0x00110384        0x4 C:/devkitPro/devkitARM/bin/../lib/gcc/arm-none-eabi/15.1.0/../../../../arm-none-eabi/lib/armv6k/fpu\libstdc++.a(cow-string-inst.o)
                0x00110384                std::string::_Rep::_M_destroy(std::allocator<char> const&)
 .text._ZNK10__cxxabiv117__class_type_info11__do_upcastEPKS0_PPv
                0x00110388       0x5c C:/devkitPro/devkitARM/bin/../lib/gcc/arm-none-eabi/15.1.0/../../../../arm-none-eabi/lib/armv6k/fpu\libstdc++.a(class_type_info.o)
                0x00110388                __cxxabiv1::__class_type_info::__do_upcast(__cxxabiv1::__class_type_info const*, void**) const
 .text._ZNK10__cxxabiv117__class_type_info20__do_find_public_srcEiPKvPKS0_S2_
                0x001103e4       0x14 C:/devkitPro/devkitARM/bin/../lib/gcc/arm-none-eabi/15.1.0/../../../../arm-none-eabi/lib/armv6k/fpu\libstdc++.a(class_type_info.o)
                0x001103e4                __cxxabiv1::__class_type_info::__do_find_public_src(int, void const*, __cxxabiv1::__class_type_info const*, void const*) const
 .text._ZN10__cxxabiv117__class_type_infoD2Ev
                0x001103f8       0x20 C:/devkitPro/devkitARM/bin/../lib/gcc/arm-none-eabi/15.1.0/../../../../arm-none-eabi/lib/armv6k/fpu\libstdc++.a(class_type_info.o)
                0x001103f8                __cxxabiv1::__class_type_info::~__class_type_info()
                0x001103f8                __cxxabiv1::__class_type_info::~__class_type_info()
 .text._ZN10__cxxabiv117__class_type_infoD0Ev
                0x00110418       0x2c C:/devkitPro/devkitARM/bin/../lib/gcc/arm-none-eabi/15.1.0/../../../../arm-none-eabi/lib/armv6k/fpu\libstdc++.a(class_type_info.o)
                0x00110418                __cxxabiv1::__class_type_info::~__class_type_info()
 .text._ZNK10__cxxabiv117__class_type_info11__do_upcastEPKS0_PKvRNS0_15__upcast_resultE
                0x00110444       0x70 C:/devkitPro/devkitARM/bin/../lib/gcc/arm-none-eabi/15.1.0/../../../../arm-none-eabi/lib/armv6k/fpu\libstdc++.a(class_type_info.o)
                0x00110444                __cxxabiv1::__class_type_info::__do_upcast(__cxxabiv1::__class_type_info const*, void const*, __cxxabiv1::__class_type_info::__upcast_result&) const
 .text._ZNK10__cxxabiv117__class_type_info10__do_catchEPKSt9type_infoPPvj
                0x001104b4       0x90 C:/devkitPro/devkitARM/bin/../lib/gcc/arm-none-eabi/15.1.0/../../../../arm-none-eabi/lib/armv6k/fpu\libstdc++.a(class_type_info.o)
                0x001104b4                __cxxabiv1::__class_type_info::__do_catch(std::type_info const*, void**, unsigned int) const
 .text._ZNK10__cxxabiv117__class_type_info12__do_dyncastEiNS0_10__sub_kindEPKS0_PKvS3_S5_RNS0_16__dyncast_resultE
                0x00110544       0xf8 C:/devkitPro/devkitARM/bin/../lib/gcc/arm-none-eabi/15.1.0/../../../../arm-none-eabi/lib/armv6k/fpu\libstdc++.a(class_type_info.o)
                0x00110544                __cxxabiv1::__class_type_info::__do_dyncast(int, __cxxabiv1::__class_type_info::__sub_kind, __cxxabiv1::__class_type_info const*, void const*, __cxxabiv1::__class_type_info const*, void const*, __cxxabiv1::__class_type_info::__dyncast_result&) const
 .text.unlikely._ZN10__cxxabiv1L24__is_gxx_exception_classEPc
                0x0011063c       0x70 C:/devkitPro/devkitARM/bin/../lib/gcc/arm-none-eabi/15.1.0/../../../../arm-none-eabi/lib/armv6k/fpu\libstdc++.a(eh_call.o)
 .text.unlikely.__cxa_call_terminate
                0x001106ac       0x2c C:/devkitPro/devkitARM/bin/../lib/gcc/arm-none-eabi/15.1.0/../../../../arm-none-eabi/lib/armv6k/fpu\libstdc++.a(eh_call.o)
                0x001106ac                __cxa_call_terminate
 .text.unlikely.__cxa_call_unexpected
                0x001106d8      0x148 C:/devkitPro/devkitARM/bin/../lib/gcc/arm-none-eabi/15.1.0/../../../../arm-none-eabi/lib/armv6k/fpu\libstdc++.a(eh_call.o)
                0x001106d8                __cxa_call_unexpected
 .text.__cxa_begin_catch
                0x00110820       0xe0 C:/devkitPro/devkitARM/bin/../lib/gcc/arm-none-eabi/15.1.0/../../../../arm-none-eabi/lib/armv6k/fpu\libstdc++.a(eh_catch.o)
                0x00110820                __cxa_begin_catch
 .text.__cxa_end_catch
                0x00110900       0xe0 C:/devkitPro/devkitARM/bin/../lib/gcc/arm-none-eabi/15.1.0/../../../../arm-none-eabi/lib/armv6k/fpu\libstdc++.a(eh_catch.o)
                0x00110900                __cxa_end_catch
 .text.__udivmoddi4
                0x001109e0      0x130 C:/devkitPro/devkitARM/bin/../lib/gcc/arm-none-eabi/15.1.0/armv6k/fpu\libgcc.a(_udivmoddi4.o)
                0x001109e0                __udivmoddi4
 .text.selfrel_offset31
                0x00110b10       0x18 C:/devkitPro/devkitARM/bin/../lib/gcc/arm-none-eabi/15.1.0/armv6k/fpu\libgcc.a(unwind-arm.o)
 .text.search_EIT_table
                0x00110b28       0x90 C:/devkitPro/devkitARM/bin/../lib/gcc/arm-none-eabi/15.1.0/armv6k/fpu\libgcc.a(unwind-arm.o)
 .text.__gnu_unwind_get_pr_addr
                0x00110bb8       0x40 C:/devkitPro/devkitARM/bin/../lib/gcc/arm-none-eabi/15.1.0/armv6k/fpu\libgcc.a(unwind-arm.o)
 .text.get_eit_entry
                0x00110bf8      0x110 C:/devkitPro/devkitARM/bin/../lib/gcc/arm-none-eabi/15.1.0/armv6k/fpu\libgcc.a(unwind-arm.o)
 .text.restore_non_core_regs
                0x00110d08       0x88 C:/devkitPro/devkitARM/bin/../lib/gcc/arm-none-eabi/15.1.0/armv6k/fpu\libgcc.a(unwind-arm.o)
 .text._Unwind_decode_typeinfo_ptr.constprop.0
                0x00110d90       0x14 C:/devkitPro/devkitARM/bin/../lib/gcc/arm-none-eabi/15.1.0/armv6k/fpu\libgcc.a(unwind-arm.o)
 .text._Unwind_DebugHook
                0x00110da4        0x4 C:/devkitPro/devkitARM/bin/../lib/gcc/arm-none-eabi/15.1.0/armv6k/fpu\libgcc.a(unwind-arm.o)
 .text.unwind_phase2
                0x00110da8       0x64 C:/devkitPro/devkitARM/bin/../lib/gcc/arm-none-eabi/15.1.0/armv6k/fpu\libgcc.a(unwind-arm.o)
 .text.unwind_phase2_forced
                0x00110e0c      0x13c C:/devkitPro/devkitARM/bin/../lib/gcc/arm-none-eabi/15.1.0/armv6k/fpu\libgcc.a(unwind-arm.o)
 .text.__gnu_Unwind_RaiseException
                0x00110f48       0xa4 C:/devkitPro/devkitARM/bin/../lib/gcc/arm-none-eabi/15.1.0/armv6k/fpu\libgcc.a(unwind-arm.o)
                0x00110f48                __gnu_Unwind_RaiseException
 .text.__gnu_Unwind_ForcedUnwind
                0x00110fec       0x20 C:/devkitPro/devkitARM/bin/../lib/gcc/arm-none-eabi/15.1.0/armv6k/fpu\libgcc.a(unwind-arm.o)
                0x00110fec                __gnu_Unwind_ForcedUnwind
 .text.__gnu_Unwind_Resume
                0x0011100c       0x74 C:/devkitPro/devkitARM/bin/../lib/gcc/arm-none-eabi/15.1.0/armv6k/fpu\libgcc.a(unwind-arm.o)
                0x0011100c                __gnu_Unwind_Resume
 .text.__gnu_Unwind_Resume_or_Rethrow
                0x00111080       0x20 C:/devkitPro/devkitARM/bin/../lib/gcc/arm-none-eabi/15.1.0/armv6k/fpu\libgcc.a(unwind-arm.o)
                0x00111080                __gnu_Unwind_Resume_or_Rethrow
 .text._Unwind_Complete
                0x001110a0        0x4 C:/devkitPro/devkitARM/bin/../lib/gcc/arm-none-eabi/15.1.0/armv6k/fpu\libgcc.a(unwind-arm.o)
                0x001110a0                _Unwind_Complete
 .text._Unwind_DeleteException
                0x001110a4       0x18 C:/devkitPro/devkitARM/bin/../lib/gcc/arm-none-eabi/15.1.0/armv6k/fpu\libgcc.a(unwind-arm.o)
                0x001110a4                _Unwind_DeleteException
 .text._Unwind_VRS_Get
                0x001110bc       0x64 C:/devkitPro/devkitARM/bin/../lib/gcc/arm-none-eabi/15.1.0/armv6k/fpu\libgcc.a(unwind-arm.o)
                0x001110bc                _Unwind_VRS_Get
 .text._Unwind_GetGR
                0x00111120       0x2c C:/devkitPro/devkitARM/bin/../lib/gcc/arm-none-eabi/15.1.0/armv6k/fpu\libgcc.a(unwind-arm.o)
 .text._Unwind_VRS_Set
                0x0011114c       0x64 C:/devkitPro/devkitARM/bin/../lib/gcc/arm-none-eabi/15.1.0/armv6k/fpu\libgcc.a(unwind-arm.o)
                0x0011114c                _Unwind_VRS_Set
 .text._Unwind_SetGR
                0x001111b0       0x2c C:/devkitPro/devkitARM/bin/../lib/gcc/arm-none-eabi/15.1.0/armv6k/fpu\libgcc.a(unwind-arm.o)
 .text.__gnu_Unwind_Backtrace
                0x001111dc       0xc0 C:/devkitPro/devkitARM/bin/../lib/gcc/arm-none-eabi/15.1.0/armv6k/fpu\libgcc.a(unwind-arm.o)
                0x001111dc                __gnu_Unwind_Backtrace
 .text.__gnu_unwind_pr_common
                0x0011129c      0x40c C:/devkitPro/devkitARM/bin/../lib/gcc/arm-none-eabi/15.1.0/armv6k/fpu\libgcc.a(unwind-arm.o)
 .text.__aeabi_unwind_cpp_pr0
                0x001116a8        0x8 C:/devkitPro/devkitARM/bin/../lib/gcc/arm-none-eabi/15.1.0/armv6k/fpu\libgcc.a(unwind-arm.o)
                0x001116a8                __aeabi_unwind_cpp_pr0
 .text.__aeabi_unwind_cpp_pr1
                0x001116b0        0x8 C:/devkitPro/devkitARM/bin/../lib/gcc/arm-none-eabi/15.1.0/armv6k/fpu\libgcc.a(unwind-arm.o)
                0x001116b0                __aeabi_unwind_cpp_pr1
 .text.__aeabi_unwind_cpp_pr2
                0x001116b8        0x8 C:/devkitPro/devkitARM/bin/../lib/gcc/arm-none-eabi/15.1.0/armv6k/fpu\libgcc.a(unwind-arm.o)
                0x001116b8                __aeabi_unwind_cpp_pr2
 .text._Unwind_VRS_Pop
                0x001116c0      0x458 C:/devkitPro/devkitARM/bin/../lib/gcc/arm-none-eabi/15.1.0/armv6k/fpu\libgcc.a(unwind-arm.o)
                0x001116c0                _Unwind_VRS_Pop
 .text.next_unwind_byte
                0x00111b18       0x64 C:/devkitPro/devkitARM/bin/../lib/gcc/arm-none-eabi/15.1.0/armv6k/fpu\libgcc.a(pr-support.o)
 .text._Unwind_GetGR.constprop.0
                0x00111b7c       0x2c C:/devkitPro/devkitARM/bin/../lib/gcc/arm-none-eabi/15.1.0/armv6k/fpu\libgcc.a(pr-support.o)
 .text.unwind_UCB_from_context
                0x00111ba8        0x4 C:/devkitPro/devkitARM/bin/../lib/gcc/arm-none-eabi/15.1.0/armv6k/fpu\libgcc.a(pr-support.o)
 .text.__gnu_unwind_execute
                0x00111bac      0x464 C:/devkitPro/devkitARM/bin/../lib/gcc/arm-none-eabi/15.1.0/armv6k/fpu\libgcc.a(pr-support.o)
                0x00111bac                __gnu_unwind_execute
 .text.__gnu_unwind_frame
                0x00112010       0x48 C:/devkitPro/devkitARM/bin/../lib/gcc/arm-none-eabi/15.1.0/armv6k/fpu\libgcc.a(pr-support.o)
                0x00112010                __gnu_unwind_frame
 .text._Unwind_GetRegionStart
                0x00112058       0x10 C:/devkitPro/devkitARM/bin/../lib/gcc/arm-none-eabi/15.1.0/armv6k/fpu\libgcc.a(pr-support.o)
                0x00112058                _Unwind_GetRegionStart
 .text._Unwind_GetLanguageSpecificData
                0x00112068       0x1c C:/devkitPro/devkitARM/bin/../lib/gcc/arm-none-eabi/15.1.0/armv6k/fpu\libgcc.a(pr-support.o)
                0x00112068                _Unwind_GetLanguageSpecificData
 .text.unlikely._Unwind_GetDataRelBase
                0x00112084        0x8 C:/devkitPro/devkitARM/bin/../lib/gcc/arm-none-eabi/15.1.0/armv6k/fpu\libgcc.a(pr-support.o)
                0x00112084                _Unwind_GetDataRelBase
 .text.unlikely._Unwind_GetTextRelBase
                0x0011208c        0x8 C:/devkitPro/devkitARM/bin/../lib/gcc/arm-none-eabi/15.1.0/armv6k/fpu\libgcc.a(pr-support.o)
                0x0011208c                _Unwind_GetTextRelBase
 .text.strncmp  0x00112094       0xd8 C:/devkitPro/devkitARM/bin/../lib/gcc/arm-none-eabi/15.1.0/../../../../arm-none-eabi/lib/armv6k/fpu\libg.a(libc_a-strncmp.o)
                0x00112094                strncmp
 .text.strchr   0x0011216c      0x140 C:/devkitPro/devkitARM/bin/../lib/gcc/arm-none-eabi/15.1.0/../../../../arm-none-eabi/lib/armv6k/fpu\libg.a(libc_a-strchr.o)
                0x0011216c                strchr
 .text.getenv   0x001122ac       0x24 C:/devkitPro/devkitARM/bin/../lib/gcc/arm-none-eabi/15.1.0/../../../../arm-none-eabi/lib/armv6k/fpu\libg.a(libc_a-getenv.o)
                0x001122ac                getenv
 .text.strlen   0x001122d0       0x8c C:/devkitPro/devkitARM/bin/../lib/gcc/arm-none-eabi/15.1.0/../../../../arm-none-eabi/lib/armv6k/fpu\libg.a(libc_a-strlen.o)
                0x001122d0                strlen
 .text.memcmp   0x0011235c       0xd8 C:/devkitPro/devkitARM/bin/../lib/gcc/arm-none-eabi/15.1.0/../../../../arm-none-eabi/lib/armv6k/fpu\libg.a(libc_a-memcmp.o)
                0x0011235c                memcmp
 .text.stdio_exit_handler
                0x00112434       0x1c C:/devkitPro/devkitARM/bin/../lib/gcc/arm-none-eabi/15.1.0/../../../../arm-none-eabi/lib/armv6k/fpu\libg.a(libc_a-findfp.o)
 .text.cleanup_stdio
                0x00112450       0x5c C:/devkitPro/devkitARM/bin/../lib/gcc/arm-none-eabi/15.1.0/../../../../arm-none-eabi/lib/armv6k/fpu\libg.a(libc_a-findfp.o)
 .text.global_stdio_init.part.0
                0x001124ac      0x154 C:/devkitPro/devkitARM/bin/../lib/gcc/arm-none-eabi/15.1.0/../../../../arm-none-eabi/lib/armv6k/fpu\libg.a(libc_a-findfp.o)
 .text.__sinit  0x00112600       0x5c C:/devkitPro/devkitARM/bin/../lib/gcc/arm-none-eabi/15.1.0/../../../../arm-none-eabi/lib/armv6k/fpu\libg.a(libc_a-findfp.o)
                0x00112600                __sinit
 .text.__sfp_lock_acquire
                0x0011265c        0xc C:/devkitPro/devkitARM/bin/../lib/gcc/arm-none-eabi/15.1.0/../../../../arm-none-eabi/lib/armv6k/fpu\libg.a(libc_a-findfp.o)
                0x0011265c                __sfp_lock_acquire
 .text.__sfp_lock_release
                0x00112668        0xc C:/devkitPro/devkitARM/bin/../lib/gcc/arm-none-eabi/15.1.0/../../../../arm-none-eabi/lib/armv6k/fpu\libg.a(libc_a-findfp.o)
                0x00112668                __sfp_lock_release
 .text._strtoul_l.isra.0
                0x00112674      0x1ec C:/devkitPro/devkitARM/bin/../lib/gcc/arm-none-eabi/15.1.0/../../../../arm-none-eabi/lib/armv6k/fpu\libg.a(libc_a-strtoul.o)
 .text.strtoul  0x00112860       0x3c C:/devkitPro/devkitARM/bin/../lib/gcc/arm-none-eabi/15.1.0/../../../../arm-none-eabi/lib/armv6k/fpu\libg.a(libc_a-strtoul.o)
                0x00112860                strtoul
 .text.__libc_init_array
                0x0011289c       0x84 C:/devkitPro/devkitARM/bin/../lib/gcc/arm-none-eabi/15.1.0/../../../../arm-none-eabi/lib/armv6k/fpu\libg.a(libc_a-init.o)
                0x0011289c                __libc_init_array
 .text.strncat  0x00112920       0x9c C:/devkitPro/devkitARM/bin/../lib/gcc/arm-none-eabi/15.1.0/../../../../arm-none-eabi/lib/armv6k/fpu\libg.a(libc_a-strncat.o)
                0x00112920                strncat
 .text._fwalk_sglue
                0x001129bc       0x70 C:/devkitPro/devkitARM/bin/../lib/gcc/arm-none-eabi/15.1.0/../../../../arm-none-eabi/lib/armv6k/fpu\libg.a(libc_a-fwalk.o)
                0x001129bc                _fwalk_sglue
 .text.bsearch  0x00112a2c       0x78 C:/devkitPro/devkitARM/bin/../lib/gcc/arm-none-eabi/15.1.0/../../../../arm-none-eabi/lib/armv6k/fpu\libg.a(libc_a-bsearch.o)
                0x00112a2c                bsearch
 .text.__errno  0x00112aa4        0xc C:/devkitPro/devkitARM/bin/../lib/gcc/arm-none-eabi/15.1.0/../../../../arm-none-eabi/lib/armv6k/fpu\libg.a(libc_a-errno.o)
                0x00112aa4                __errno
 .text.calloc   0x00112ab0       0x28 C:/devkitPro/devkitARM/bin/../lib/gcc/arm-none-eabi/15.1.0/../../../../arm-none-eabi/lib/armv6k/fpu\libg.a(libc_a-calloc.o)
                0x00112ab0                calloc
 .text.abort    0x00112ad8       0x14 C:/devkitPro/devkitARM/bin/../lib/gcc/arm-none-eabi/15.1.0/../../../../arm-none-eabi/lib/armv6k/fpu\libg.a(libc_a-abort.o)
                0x00112ad8                abort
 .text._calloc_r
                0x00112aec       0xd8 C:/devkitPro/devkitARM/bin/../lib/gcc/arm-none-eabi/15.1.0/../../../../arm-none-eabi/lib/armv6k/fpu\libg.a(libc_a-callocr.o)
                0x00112aec                _calloc_r
 .text.memalign
                0x00112bc4       0x28 C:/devkitPro/devkitARM/bin/../lib/gcc/arm-none-eabi/15.1.0/../../../../arm-none-eabi/lib/armv6k/fpu\libg.a(libc_a-malign.o)
                0x00112bc4                memalign
 .text._malloc_r
                0x00112bec      0x82c C:/devkitPro/devkitARM/bin/../lib/gcc/arm-none-eabi/15.1.0/../../../../arm-none-eabi/lib/armv6k/fpu\libg.a(libc_a-mallocr.o)
                0x00112bec                _malloc_r
 .text._malloc_trim_r
                0x00113418      0x114 C:/devkitPro/devkitARM/bin/../lib/gcc/arm-none-eabi/15.1.0/../../../../arm-none-eabi/lib/armv6k/fpu\libg.a(libc_a-freer.o)
                0x00113418                _malloc_trim_r
 .text._free_r  0x0011352c      0x314 C:/devkitPro/devkitARM/bin/../lib/gcc/arm-none-eabi/15.1.0/../../../../arm-none-eabi/lib/armv6k/fpu\libg.a(libc_a-freer.o)
                0x0011352c                _free_r
 .text.strnlen  0x00113840       0x3c C:/devkitPro/devkitARM/bin/../lib/gcc/arm-none-eabi/15.1.0/../../../../arm-none-eabi/lib/armv6k/fpu\libg.a(libc_a-strnlen.o)
                0x00113840                strnlen
 .text.malloc   0x0011387c       0x40 C:/devkitPro/devkitARM/bin/../lib/gcc/arm-none-eabi/15.1.0/../../../../arm-none-eabi/lib/armv6k/fpu\libg.a(libc_a-malloc.o)
                0x0011387c                malloc
 .text.free     0x001138bc       0x20 C:/devkitPro/devkitARM/bin/../lib/gcc/arm-none-eabi/15.1.0/../../../../arm-none-eabi/lib/armv6k/fpu\libg.a(libc_a-malloc.o)
                0x001138bc                free
 .text.__sflush_r
                0x001138dc      0x22c C:/devkitPro/devkitARM/bin/../lib/gcc/arm-none-eabi/15.1.0/../../../../arm-none-eabi/lib/armv6k/fpu\libg.a(libc_a-fflush.o)
                0x001138dc                __sflush_r
 .text._fflush_r
                0x00113b08       0xc4 C:/devkitPro/devkitARM/bin/../lib/gcc/arm-none-eabi/15.1.0/../../../../arm-none-eabi/lib/armv6k/fpu\libg.a(libc_a-fflush.o)
                0x00113b08                _fflush_r
 .text.time     0x00113bcc       0x48 C:/devkitPro/devkitARM/bin/../lib/gcc/arm-none-eabi/15.1.0/../../../../arm-none-eabi/lib/armv6k/fpu\libg.a(libc_a-time.o)
                0x00113bcc                time
 .text._findenv_r
                0x00113c14       0xdc C:/devkitPro/devkitARM/bin/../lib/gcc/arm-none-eabi/15.1.0/../../../../arm-none-eabi/lib/armv6k/fpu\libg.a(libc_a-getenv_r.o)
                0x00113c14                _findenv_r
 .text.memset   0x00113cf0       0xe4 C:/devkitPro/devkitARM/bin/../lib/gcc/arm-none-eabi/15.1.0/../../../../arm-none-eabi/lib/armv6k/fpu\libg.a(libc_a-memset.o)
                0x00113cf0                memset
 .text.__malloc_lock
                0x00113dd4        0xc C:/devkitPro/devkitARM/bin/../lib/gcc/arm-none-eabi/15.1.0/../../../../arm-none-eabi/lib/armv6k/fpu\libg.a(libc_a-mlock.o)
                0x00113dd4                __malloc_lock
 .text.__malloc_unlock
                0x00113de0        0xc C:/devkitPro/devkitARM/bin/../lib/gcc/arm-none-eabi/15.1.0/../../../../arm-none-eabi/lib/armv6k/fpu\libg.a(libc_a-mlock.o)
                0x00113de0                __malloc_unlock
 .text.__call_exitprocs
                0x00113dec        0x4 C:/devkitPro/devkitARM/bin/../lib/gcc/arm-none-eabi/15.1.0/../../../../arm-none-eabi/lib/armv6k/fpu\libg.a(libc_a-exit.o)
                0x00113dec                __call_exitprocs
 .text.exit     0x00113df0       0x30 C:/devkitPro/devkitARM/bin/../lib/gcc/arm-none-eabi/15.1.0/../../../../arm-none-eabi/lib/armv6k/fpu\libg.a(libc_a-exit.o)
                0x00113df0                exit
 .text.setvbuf  0x00113e20      0x294 C:/devkitPro/devkitARM/bin/../lib/gcc/arm-none-eabi/15.1.0/../../../../arm-none-eabi/lib/armv6k/fpu\libg.a(libc_a-setvbuf.o)
                0x00113e20                setvbuf
 .text.strncpy  0x001140b4       0xd4 C:/devkitPro/devkitARM/bin/../lib/gcc/arm-none-eabi/15.1.0/../../../../arm-none-eabi/lib/armv6k/fpu\libg.a(libc_a-strncpy.o)
                0x001140b4                strncpy
 .text.memcpy   0x00114188      0x12c C:/devkitPro/devkitARM/bin/../lib/gcc/arm-none-eabi/15.1.0/../../../../arm-none-eabi/lib/armv6k/fpu\libg.a(libc_a-memcpy-stub.o)
                0x00114188                memcpy
 .text.__sread  0x001142b4       0x44 C:/devkitPro/devkitARM/bin/../lib/gcc/arm-none-eabi/15.1.0/../../../../arm-none-eabi/lib/armv6k/fpu\libg.a(libc_a-stdio.o)
                0x001142b4                __sread
 .text.__swrite
                0x001142f8       0x68 C:/devkitPro/devkitARM/bin/../lib/gcc/arm-none-eabi/15.1.0/../../../../arm-none-eabi/lib/armv6k/fpu\libg.a(libc_a-stdio.o)
                0x001142f8                __swrite
 .text.__sseek  0x00114360       0x40 C:/devkitPro/devkitARM/bin/../lib/gcc/arm-none-eabi/15.1.0/../../../../arm-none-eabi/lib/armv6k/fpu\libg.a(libc_a-stdio.o)
                0x00114360                __sseek
 .text.__sclose
                0x001143a0        0x8 C:/devkitPro/devkitARM/bin/../lib/gcc/arm-none-eabi/15.1.0/../../../../arm-none-eabi/lib/armv6k/fpu\libg.a(libc_a-stdio.o)
                0x001143a0                __sclose
 .text._raise_r
                0x001143a8       0x9c C:/devkitPro/devkitARM/bin/../lib/gcc/arm-none-eabi/15.1.0/../../../../arm-none-eabi/lib/armv6k/fpu\libg.a(libc_a-signal.o)
                0x001143a8                _raise_r
 .text.raise    0x00114444       0x20 C:/devkitPro/devkitARM/bin/../lib/gcc/arm-none-eabi/15.1.0/../../../../arm-none-eabi/lib/armv6k/fpu\libg.a(libc_a-signal.o)
                0x00114444                raise
 .text.__env_lock
                0x00114464        0xc C:/devkitPro/devkitARM/bin/../lib/gcc/arm-none-eabi/15.1.0/../../../../arm-none-eabi/lib/armv6k/fpu\libg.a(libc_a-envlock.o)
                0x00114464                __env_lock
 .text.__env_unlock
                0x00114470        0xc C:/devkitPro/devkitARM/bin/../lib/gcc/arm-none-eabi/15.1.0/../../../../arm-none-eabi/lib/armv6k/fpu\libg.a(libc_a-envlock.o)
                0x00114470                __env_unlock
 .text._fclose_r
                0x0011447c      0x144 C:/devkitPro/devkitARM/bin/../lib/gcc/arm-none-eabi/15.1.0/../../../../arm-none-eabi/lib/armv6k/fpu\libg.a(libc_a-fclose.o)
                0x0011447c                _fclose_r
 .text._memalign_r
                0x001145c0      0x16c C:/devkitPro/devkitARM/bin/../lib/gcc/arm-none-eabi/15.1.0/../../../../arm-none-eabi/lib/armv6k/fpu\libg.a(libc_a-malignr.o)
                0x001145c0                _memalign_r
 .text.__libc_fini_array
                0x0011472c       0x3c C:/devkitPro/devkitARM/bin/../lib/gcc/arm-none-eabi/15.1.0/../../../../arm-none-eabi/lib/armv6k/fpu\libg.a(libc_a-fini.o)
                0x0011472c                __libc_fini_array
 .text.__swhatbuf_r
                0x00114768       0x90 C:/devkitPro/devkitARM/bin/../lib/gcc/arm-none-eabi/15.1.0/../../../../arm-none-eabi/lib/armv6k/fpu\libg.a(libc_a-makebuf.o)
                0x00114768                __swhatbuf_r
 .text._exit    0x001147f8       0x20 C:/devkitPro/devkitARM/bin/../lib/gcc/arm-none-eabi/15.1.0/../../../../arm-none-eabi/lib/armv6k/fpu\libsysbase.a(libsysbase_libsysbase_a-_exit.o)
                0x001147f8                _exit
 .text.chdir    0x00114818      0x140 C:/devkitPro/devkitARM/bin/../lib/gcc/arm-none-eabi/15.1.0/../../../../arm-none-eabi/lib/armv6k/fpu\libsysbase.a(libsysbase_libsysbase_a-chdir.o)
                0x00114818                chdir
 .text._concatenate_path
                0x00114958      0x1c8 C:/devkitPro/devkitARM/bin/../lib/gcc/arm-none-eabi/15.1.0/../../../../arm-none-eabi/lib/armv6k/fpu\libsysbase.a(libsysbase_libsysbase_a-concatenate.o)
                0x00114958                _concatenate_path
 .text._fstat_r